15:24:59 **** Clean-only build of configuration Debug for project daq24b512k ****
make clean 
rm -rf  ./src/MiniDmaFifo2Mem/MiniDmaFifo2Mem.d  ./src/IicMaster/IicMaster.d  ./src/main.d  ./src/xilffs/cc932.o ./src/xilffs/diskio.o ./src/xilffs/ff.o  ./src/sdc_ctrl/mmc.o ./src/sdc_ctrl/ocsdc.o  ./src/MiniDmaFifo2Mem/MiniDmaFifo2Mem.o  ./src/IicMaster/IicMaster.o  ./src/main.o  ./src/xilffs/cc932.d ./src/xilffs/diskio.d ./src/xilffs/ff.d  ./src/sdc_ctrl/mmc.d ./src/sdc_ctrl/ocsdc.d  daq24b512k.elf.size  daq24b512k.elf
 
15:24:59 **** Clean-only build of project daq24b512k_bsp ****
make -k clean 
make -C microblaze_0/libsrc/freertos10_xilinx_v1_0/src -s clean 
make -C microblaze_0/libsrc/cpu_v2_6/src -s clean 
make -C microblaze_0/libsrc/uartlite_v3_2/src -s clean 
make -C microblaze_0/libsrc/bram_v4_2/src -s clean 
make -C microblaze_0/libsrc/spi_v4_4/src -s clean 
make -C microblaze_0/libsrc/gpio_v4_3/src -s clean 
make -C microblaze_0/libsrc/sysmon_v7_4/src -s clean 
make -C microblaze_0/libsrc/axi4lite_buffered_iic_master_v1_0/src -s clean 
make -C microblaze_0/libsrc/intc_v3_7/src -s clean 
make -C microblaze_0/libsrc/tmrctr_v4_4/src -s clean 
rm -f microblaze_0/lib/libxil.a
15:24:59 **** Build of project daq24b512k_bsp ****
make -k all 
Running Make include in microblaze_0/libsrc/freertos10_xilinx_v1_0/src
make -C microblaze_0/libsrc/freertos10_xilinx_v1_0/src -s include  "SHELL=/bin/sh" "COMPILER=mb-gcc" "ARCHIVER=mb-ar" "COMPILER_FLAGS= -O2 -c -mcpu=v10.0 -mhard-float -mlittle-endian -mno-xl-soft-div -mno-xl-soft-mul -mxl-barrel-shift -mxl-multiply-high -mxl-pattern-compare" "EXTRA_COMPILER_FLAGS=-ffunction-sections -fdata-sections -Wall -Wextra"
include
Running Make include in microblaze_0/libsrc/cpu_v2_6/src
make -C microblaze_0/libsrc/cpu_v2_6/src -s include  "SHELL=/bin/sh" "COMPILER=mb-gcc" "ARCHIVER=mb-ar" "COMPILER_FLAGS= -O2 -c -mcpu=v10.0 -mhard-float -mlittle-endian -mno-xl-soft-div -mno-xl-soft-mul -mxl-barrel-shift -mxl-multiply-high -mxl-pattern-compare" "EXTRA_COMPILER_FLAGS=-ffunction-sections -fdata-sections -Wall -Wextra"
Running Make include in microblaze_0/libsrc/uartlite_v3_2/src
make -C microblaze_0/libsrc/uartlite_v3_2/src -s include  "SHELL=/bin/sh" "COMPILER=mb-gcc" "ARCHIVER=mb-ar" "COMPILER_FLAGS= -O2 -c -mcpu=v10.0 -mhard-float -mlittle-endian -mno-xl-soft-div -mno-xl-soft-mul -mxl-barrel-shift -mxl-multiply-high -mxl-pattern-compare" "EXTRA_COMPILER_FLAGS=-ffunction-sections -fdata-sections -Wall -Wextra"
Running Make include in microblaze_0/libsrc/bram_v4_2/src
make -C microblaze_0/libsrc/bram_v4_2/src -s include  "SHELL=/bin/sh" "COMPILER=mb-gcc" "ARCHIVER=mb-ar" "COMPILER_FLAGS= -O2 -c -mcpu=v10.0 -mhard-float -mlittle-endian -mno-xl-soft-div -mno-xl-soft-mul -mxl-barrel-shift -mxl-multiply-high -mxl-pattern-compare" "EXTRA_COMPILER_FLAGS=-ffunction-sections -fdata-sections -Wall -Wextra"
Running Make include in microblaze_0/libsrc/spi_v4_4/src
make -C microblaze_0/libsrc/spi_v4_4/src -s include  "SHELL=/bin/sh" "COMPILER=mb-gcc" "ARCHIVER=mb-ar" "COMPILER_FLAGS= -O2 -c -mcpu=v10.0 -mhard-float -mlittle-endian -mno-xl-soft-div -mno-xl-soft-mul -mxl-barrel-shift -mxl-multiply-high -mxl-pattern-compare" "EXTRA_COMPILER_FLAGS=-ffunction-sections -fdata-sections -Wall -Wextra"
Running Make include in microblaze_0/libsrc/gpio_v4_3/src
make -C microblaze_0/libsrc/gpio_v4_3/src -s include  "SHELL=/bin/sh" "COMPILER=mb-gcc" "ARCHIVER=mb-ar" "COMPILER_FLAGS= -O2 -c -mcpu=v10.0 -mhard-float -mlittle-endian -mno-xl-soft-div -mno-xl-soft-mul -mxl-barrel-shift -mxl-multiply-high -mxl-pattern-compare" "EXTRA_COMPILER_FLAGS=-ffunction-sections -fdata-sections -Wall -Wextra"
Running Make include in microblaze_0/libsrc/sysmon_v7_4/src
make -C microblaze_0/libsrc/sysmon_v7_4/src -s include  "SHELL=/bin/sh" "COMPILER=mb-gcc" "ARCHIVER=mb-ar" "COMPILER_FLAGS= -O2 -c -mcpu=v10.0 -mhard-float -mlittle-endian -mno-xl-soft-div -mno-xl-soft-mul -mxl-barrel-shift -mxl-multiply-high -mxl-pattern-compare" "EXTRA_COMPILER_FLAGS=-ffunction-sections -fdata-sections -Wall -Wextra"
Running Make include in microblaze_0/libsrc/axi4lite_buffered_iic_master_v1_0/src
make -C microblaze_0/libsrc/axi4lite_buffered_iic_master_v1_0/src -s include  "SHELL=/bin/sh" "COMPILER=mb-gcc" "ARCHIVER=mb-ar" "COMPILER_FLAGS= -O2 -c -mcpu=v10.0 -mhard-float -mlittle-endian -mno-xl-soft-div -mno-xl-soft-mul -mxl-barrel-shift -mxl-multiply-high -mxl-pattern-compare" "EXTRA_COMPILER_FLAGS=-ffunction-sections -fdata-sections -Wall -Wextra"
Running Make include in microblaze_0/libsrc/intc_v3_7/src
make -C microblaze_0/libsrc/intc_v3_7/src -s include  "SHELL=/bin/sh" "COMPILER=mb-gcc" "ARCHIVER=mb-ar" "COMPILER_FLAGS= -O2 -c -mcpu=v10.0 -mhard-float -mlittle-endian -mno-xl-soft-div -mno-xl-soft-mul -mxl-barrel-shift -mxl-multiply-high -mxl-pattern-compare" "EXTRA_COMPILER_FLAGS=-ffunction-sections -fdata-sections -Wall -Wextra"
Running Make include in microblaze_0/libsrc/tmrctr_v4_4/src
make -C microblaze_0/libsrc/tmrctr_v4_4/src -s include  "SHELL=/bin/sh" "COMPILER=mb-gcc" "ARCHIVER=mb-ar" "COMPILER_FLAGS= -O2 -c -mcpu=v10.0 -mhard-float -mlittle-endian -mno-xl-soft-div -mno-xl-soft-mul -mxl-barrel-shift -mxl-multiply-high -mxl-pattern-compare" "EXTRA_COMPILER_FLAGS=-ffunction-sections -fdata-sections -Wall -Wextra"
Running Make libs in microblaze_0/libsrc/freertos10_xilinx_v1_0/src
make -C microblaze_0/libsrc/freertos10_xilinx_v1_0/src -s libs  "SHELL=/bin/sh" "COMPILER=mb-gcc" "ARCHIVER=mb-ar" "COMPILER_FLAGS= -O2 -c -mcpu=v10.0 -mhard-float -mlittle-endian -mno-xl-soft-div -mno-xl-soft-mul -mxl-barrel-shift -mxl-multiply-high -mxl-pattern-compare" "EXTRA_COMPILER_FLAGS=-ffunction-sections -fdata-sections -Wall -Wextra"
Compiling standalone
microblaze_sleep.c: In function 'usleep_MB':
microblaze_sleep.c:106:29: warning: unused parameter 'useconds' [-Wunused-parameter]
 int usleep_MB(unsigned long useconds)
                             ^~~~~~~~
microblaze_sleep.c: In function 'sleep_MB':
microblaze_sleep.c:128:32: warning: unused parameter 'seconds' [-Wunused-parameter]
 unsigned sleep_MB(unsigned int seconds)
                                ^~~~~~~
microblaze_sleep.c: In function 'MB_Sleep':
microblaze_sleep.c:153:19: warning: unused parameter 'MilliSeconds' [-Wunused-parameter]
 void MB_Sleep(u32 MilliSeconds)
                   ^~~~~~~~~~~~
mb-ar: creating ../../../lib/libxil.a
Compiling FreeRTOS
mb-ar: creating ../../../lib/libfreertos.a
Running Make libs in microblaze_0/libsrc/cpu_v2_6/src
make -C microblaze_0/libsrc/cpu_v2_6/src -s libs  "SHELL=/bin/sh" "COMPILER=mb-gcc" "ARCHIVER=mb-ar" "COMPILER_FLAGS= -O2 -c -mcpu=v10.0 -mhard-float -mlittle-endian -mno-xl-soft-div -mno-xl-soft-mul -mxl-barrel-shift -mxl-multiply-high -mxl-pattern-compare" "EXTRA_COMPILER_FLAGS=-ffunction-sections -fdata-sections -Wall -Wextra"
Compiling cpu
Running Make libs in microblaze_0/libsrc/uartlite_v3_2/src
make -C microblaze_0/libsrc/uartlite_v3_2/src -s libs  "SHELL=/bin/sh" "COMPILER=mb-gcc" "ARCHIVER=mb-ar" "COMPILER_FLAGS= -O2 -c -mcpu=v10.0 -mhard-float -mlittle-endian -mno-xl-soft-div -mno-xl-soft-mul -mxl-barrel-shift -mxl-multiply-high -mxl-pattern-compare" "EXTRA_COMPILER_FLAGS=-ffunction-sections -fdata-sections -Wall -Wextra"
Compiling uartlite
Running Make libs in microblaze_0/libsrc/bram_v4_2/src
make -C microblaze_0/libsrc/bram_v4_2/src -s libs  "SHELL=/bin/sh" "COMPILER=mb-gcc" "ARCHIVER=mb-ar" "COMPILER_FLAGS= -O2 -c -mcpu=v10.0 -mhard-float -mlittle-endian -mno-xl-soft-div -mno-xl-soft-mul -mxl-barrel-shift -mxl-multiply-high -mxl-pattern-compare" "EXTRA_COMPILER_FLAGS=-ffunction-sections -fdata-sections -Wall -Wextra"
Compiling bram
Running Make libs in microblaze_0/libsrc/spi_v4_4/src
make -C microblaze_0/libsrc/spi_v4_4/src -s libs  "SHELL=/bin/sh" "COMPILER=mb-gcc" "ARCHIVER=mb-ar" "COMPILER_FLAGS= -O2 -c -mcpu=v10.0 -mhard-float -mlittle-endian -mno-xl-soft-div -mno-xl-soft-mul -mxl-barrel-shift -mxl-multiply-high -mxl-pattern-compare" "EXTRA_COMPILER_FLAGS=-ffunction-sections -fdata-sections -Wall -Wextra"
Compiling spi
Running Make libs in microblaze_0/libsrc/gpio_v4_3/src
make -C microblaze_0/libsrc/gpio_v4_3/src -s libs  "SHELL=/bin/sh" "COMPILER=mb-gcc" "ARCHIVER=mb-ar" "COMPILER_FLAGS= -O2 -c -mcpu=v10.0 -mhard-float -mlittle-endian -mno-xl-soft-div -mno-xl-soft-mul -mxl-barrel-shift -mxl-multiply-high -mxl-pattern-compare" "EXTRA_COMPILER_FLAGS=-ffunction-sections -fdata-sections -Wall -Wextra"
Compiling gpio
Running Make libs in microblaze_0/libsrc/sysmon_v7_4/src
make -C microblaze_0/libsrc/sysmon_v7_4/src -s libs  "SHELL=/bin/sh" "COMPILER=mb-gcc" "ARCHIVER=mb-ar" "COMPILER_FLAGS= -O2 -c -mcpu=v10.0 -mhard-float -mlittle-endian -mno-xl-soft-div -mno-xl-soft-mul -mxl-barrel-shift -mxl-multiply-high -mxl-pattern-compare" "EXTRA_COMPILER_FLAGS=-ffunction-sections -fdata-sections -Wall -Wextra"
Compiling sysmon
Running Make libs in microblaze_0/libsrc/axi4lite_buffered_iic_master_v1_0/src
make -C microblaze_0/libsrc/axi4lite_buffered_iic_master_v1_0/src -s libs  "SHELL=/bin/sh" "COMPILER=mb-gcc" "ARCHIVER=mb-ar" "COMPILER_FLAGS= -O2 -c -mcpu=v10.0 -mhard-float -mlittle-endian -mno-xl-soft-div -mno-xl-soft-mul -mxl-barrel-shift -mxl-multiply-high -mxl-pattern-compare" "EXTRA_COMPILER_FLAGS=-ffunction-sections -fdata-sections -Wall -Wextra"
Compiling axi4lite_buffered_iic_master...
axi4lite_buffered_iic_master_selftest.c: In function 'AXI4LITE_BUFFERED_IIC_MASTER_Reg_SelfTest':
axi4lite_buffered_iic_master_selftest.c:52:77: warning: comparison between signed and unsigned integer expressions [-Wsign-compare]
    if ( AXI4LITE_BUFFERED_IIC_MASTER_mReadReg (baseaddr, read_loop_index*4) != (read_loop_index+1)*READ_WRITE_MUL_FACTOR){
                                                                             ^~
axi4lite_buffered_iic_master_selftest.c:36:6: warning: unused variable 'Index' [-Wunused-variable]
  int Index;
      ^~~~~
Running Make libs in microblaze_0/libsrc/intc_v3_7/src
make -C microblaze_0/libsrc/intc_v3_7/src -s libs  "SHELL=/bin/sh" "COMPILER=mb-gcc" "ARCHIVER=mb-ar" "COMPILER_FLAGS= -O2 -c -mcpu=v10.0 -mhard-float -mlittle-endian -mno-xl-soft-div -mno-xl-soft-mul -mxl-barrel-shift -mxl-multiply-high -mxl-pattern-compare" "EXTRA_COMPILER_FLAGS=-ffunction-sections -fdata-sections -Wall -Wextra"
Compiling intc
Running Make libs in microblaze_0/libsrc/tmrctr_v4_4/src
make -C microblaze_0/libsrc/tmrctr_v4_4/src -s libs  "SHELL=/bin/sh" "COMPILER=mb-gcc" "ARCHIVER=mb-ar" "COMPILER_FLAGS= -O2 -c -mcpu=v10.0 -mhard-float -mlittle-endian -mno-xl-soft-div -mno-xl-soft-mul -mxl-barrel-shift -mxl-multiply-high -mxl-pattern-compare" "EXTRA_COMPILER_FLAGS=-ffunction-sections -fdata-sections -Wall -Wextra"
Compiling tmrctr
Finished building libraries
15:25:04 **** Build of configuration Debug for project daq24b512k ****
make all 
Building file: ../src/xilffs/cc932.c
Invoking: MicroBlaze g++ compiler
mb-g++ -Wall -O0 -g3 -c -fmessage-length=0 -MT"src/xilffs/cc932.o" -I../../daq24b512k_bsp/microblaze_0/include -mlittle-endian -mxl-barrel-shift -mxl-pattern-compare -mno-xl-soft-div -mcpu=v10.0 -mno-xl-soft-mul -mxl-multiply-high -mhard-float -Wl,--no-relax -ffunction-sections -fdata-sections -MMD -MP -MF"src/xilffs/cc932.d" -MT"src/xilffs/cc932.o" -o "src/xilffs/cc932.o" "../src/xilffs/cc932.c"
Finished building: ../src/xilffs/cc932.c
 
Building file: ../src/xilffs/diskio.c
Invoking: MicroBlaze g++ compiler
mb-g++ -Wall -O0 -g3 -c -fmessage-length=0 -MT"src/xilffs/diskio.o" -I../../daq24b512k_bsp/microblaze_0/include -mlittle-endian -mxl-barrel-shift -mxl-pattern-compare -mno-xl-soft-div -mcpu=v10.0 -mno-xl-soft-mul -mxl-multiply-high -mhard-float -Wl,--no-relax -ffunction-sections -fdata-sections -MMD -MP -MF"src/xilffs/diskio.d" -MT"src/xilffs/diskio.o" -o "src/xilffs/diskio.o" "../src/xilffs/diskio.c"
../src/xilffs/diskio.c: In function 'DRESULT disk_write(BYTE, const BYTE*, DWORD, UINT)':
../src/xilffs/diskio.c:440:6: warning: unused variable 'Status' [-Wunused-variable]
  s32 Status;
      ^~~~~~
../src/xilffs/diskio.c: At global scope:
../src/xilffs/diskio.c:150:11: warning: 'ExtCsd' defined but not used [-Wunused-variable]
 static u8 ExtCsd[512] __attribute__ ((aligned(32)));
           ^~~~~~
Finished building: ../src/xilffs/diskio.c
 
Building file: ../src/xilffs/ff.c
Invoking: MicroBlaze g++ compiler
mb-g++ -Wall -O0 -g3 -c -fmessage-length=0 -MT"src/xilffs/ff.o" -I../../daq24b512k_bsp/microblaze_0/include -mlittle-endian -mxl-barrel-shift -mxl-pattern-compare -mno-xl-soft-div -mcpu=v10.0 -mno-xl-soft-mul -mxl-multiply-high -mhard-float -Wl,--no-relax -ffunction-sections -fdata-sections -MMD -MP -MF"src/xilffs/ff.d" -MT"src/xilffs/ff.o" -o "src/xilffs/ff.o" "../src/xilffs/ff.c"
Finished building: ../src/xilffs/ff.c
 
Building file: ../src/sdc_ctrl/mmc.c
Invoking: MicroBlaze g++ compiler
mb-g++ -Wall -O0 -g3 -c -fmessage-length=0 -MT"src/sdc_ctrl/mmc.o" -I../../daq24b512k_bsp/microblaze_0/include -mlittle-endian -mxl-barrel-shift -mxl-pattern-compare -mno-xl-soft-div -mcpu=v10.0 -mno-xl-soft-mul -mxl-multiply-high -mhard-float -Wl,--no-relax -ffunction-sections -fdata-sections -MMD -MP -MF"src/sdc_ctrl/mmc.d" -MT"src/sdc_ctrl/mmc.o" -o "src/sdc_ctrl/mmc.o" "../src/sdc_ctrl/mmc.c"
../src/sdc_ctrl/mmc.c: In function 'int mmc_init(mmc*)':
../src/sdc_ctrl/mmc.c:901:25: warning: format '%x' expects argument of type 'unsigned int', but argument 2 has type 'u32 {aka long unsigned int}' [-Wformat=]
  printf("%x\n", (u32)mmc);
                 ~~~~~~~~^
Finished building: ../src/sdc_ctrl/mmc.c
 
Building file: ../src/sdc_ctrl/ocsdc.c
Invoking: MicroBlaze g++ compiler
mb-g++ -Wall -O0 -g3 -c -fmessage-length=0 -MT"src/sdc_ctrl/ocsdc.o" -I../../daq24b512k_bsp/microblaze_0/include -mlittle-endian -mxl-barrel-shift -mxl-pattern-compare -mno-xl-soft-div -mcpu=v10.0 -mno-xl-soft-mul -mxl-multiply-high -mhard-float -Wl,--no-relax -ffunction-sections -fdata-sections -MMD -MP -MF"src/sdc_ctrl/ocsdc.d" -MT"src/sdc_ctrl/ocsdc.o" -o "src/sdc_ctrl/ocsdc.o" "../src/sdc_ctrl/ocsdc.c"
Finished building: ../src/sdc_ctrl/ocsdc.c
 
Building file: ../src/MiniDmaFifo2Mem/MiniDmaFifo2Mem.cc
Invoking: MicroBlaze g++ compiler
mb-g++ -Wall -O0 -g3 -c -fmessage-length=0 -MT"src/MiniDmaFifo2Mem/MiniDmaFifo2Mem.o" -I../../daq24b512k_bsp/microblaze_0/include -mlittle-endian -mxl-barrel-shift -mxl-pattern-compare -mno-xl-soft-div -mcpu=v10.0 -mno-xl-soft-mul -mxl-multiply-high -mhard-float -Wl,--no-relax -ffunction-sections -fdata-sections -MMD -MP -MF"src/MiniDmaFifo2Mem/MiniDmaFifo2Mem.d" -MT"src/MiniDmaFifo2Mem/MiniDmaFifo2Mem.o" -o "src/MiniDmaFifo2Mem/MiniDmaFifo2Mem.o" "../src/MiniDmaFifo2Mem/MiniDmaFifo2Mem.cc"
Finished building: ../src/MiniDmaFifo2Mem/MiniDmaFifo2Mem.cc
 
Building file: ../src/IicMaster/IicMaster.cc
Invoking: MicroBlaze g++ compiler
mb-g++ -Wall -O0 -g3 -c -fmessage-length=0 -MT"src/IicMaster/IicMaster.o" -I../../daq24b512k_bsp/microblaze_0/include -mlittle-endian -mxl-barrel-shift -mxl-pattern-compare -mno-xl-soft-div -mcpu=v10.0 -mno-xl-soft-mul -mxl-multiply-high -mhard-float -Wl,--no-relax -ffunction-sections -fdata-sections -MMD -MP -MF"src/IicMaster/IicMaster.d" -MT"src/IicMaster/IicMaster.o" -o "src/IicMaster/IicMaster.o" "../src/IicMaster/IicMaster.cc"
Finished building: ../src/IicMaster/IicMaster.cc
 
Building file: ../src/main.cc
Invoking: MicroBlaze g++ compiler
mb-g++ -Wall -O0 -g3 -c -fmessage-length=0 -MT"src/main.o" -I../../daq24b512k_bsp/microblaze_0/include -mlittle-endian -mxl-barrel-shift -mxl-pattern-compare -mno-xl-soft-div -mcpu=v10.0 -mno-xl-soft-mul -mxl-multiply-high -mhard-float -Wl,--no-relax -ffunction-sections -fdata-sections -MMD -MP -MF"src/main.d" -MT"src/main.o" -o "src/main.o" "../src/main.cc"
../src/main.cc: In function 'void initSDFAT()':
../src/main.cc:96:6: warning: unused variable 'l' [-Wunused-variable]
  int l = f_puts("hello xilffs!\r\n", &fil);
      ^
../src/main.cc: In function 'void tskMaster(void*)':
../src/main.cc:140:7: warning: unused variable 'bw' [-Wunused-variable]
  UINT bw;
       ^~
Finished building: ../src/main.cc
 
Building target: daq24b512k.elf
Invoking: MicroBlaze g++ linker
mb-g++ -Wl,-T -Wl,../src/lscript.ld -L../../daq24b512k_bsp/microblaze_0/lib -mlittle-endian -mxl-barrel-shift -mxl-pattern-compare -mno-xl-soft-div -mcpu=v10.0 -mno-xl-soft-mul -mxl-multiply-high -mhard-float -Wl,--no-relax -Wl,--gc-sections -o "daq24b512k.elf"  ./src/xilffs/cc932.o ./src/xilffs/diskio.o ./src/xilffs/ff.o  ./src/sdc_ctrl/mmc.o ./src/sdc_ctrl/ocsdc.o  ./src/MiniDmaFifo2Mem/MiniDmaFifo2Mem.o  ./src/IicMaster/IicMaster.o  ./src/main.o   -Wl,--start-group,-lxil,-lfreertos,-lgcc,-lc,-lstdc++,--end-group
Finished building target: daq24b512k.elf
 
Invoking: MicroBlaze Print Size
mb-size daq24b512k.elf  |tee "daq24b512k.elf.size"
   text	   data	    bss	    dec	    hex	filename
 201632	  27376	1131656	1360664	 14c318	daq24b512k.elf
Finished building: daq24b512k.elf.size
 
15:25:09 **** Incremental Build of configuration Debug for project daq24b512k ****
make all 
make: Nothing to be done for 'all'.
15:37:22 **** Auto Build of configuration Debug for project daq24b512k ****
make all 
Building file: ../src/main.cc
Invoking: MicroBlaze g++ compiler
mb-g++ -Wall -O0 -g3 -c -fmessage-length=0 -MT"src/main.o" -I../../daq24b512k_bsp/microblaze_0/include -mlittle-endian -mxl-barrel-shift -mxl-pattern-compare -mno-xl-soft-div -mcpu=v10.0 -mno-xl-soft-mul -mxl-multiply-high -mhard-float -Wl,--no-relax -ffunction-sections -fdata-sections -MMD -MP -MF"src/main.d" -MT"src/main.o" -o "src/main.o" "../src/main.cc"
../src/main.cc: In function 'void initSDFAT()':
../src/main.cc:96:6: warning: unused variable 'l' [-Wunused-variable]
  int l = f_puts("hello xilffs!\r\n", &fil);
      ^
../src/main.cc: In function 'void tskMaster(void*)':
../src/main.cc:140:7: warning: unused variable 'bw' [-Wunused-variable]
  UINT bw;
       ^~
Finished building: ../src/main.cc
 
Building target: daq24b512k.elf
Invoking: MicroBlaze g++ linker
mb-g++ -Wl,-T -Wl,../src/lscript.ld -L../../daq24b512k_bsp/microblaze_0/lib -mlittle-endian -mxl-barrel-shift -mxl-pattern-compare -mno-xl-soft-div -mcpu=v10.0 -mno-xl-soft-mul -mxl-multiply-high -mhard-float -Wl,--no-relax -Wl,--gc-sections -o "daq24b512k.elf"  ./src/xilffs/cc932.o ./src/xilffs/diskio.o ./src/xilffs/ff.o  ./src/sdc_ctrl/mmc.o ./src/sdc_ctrl/ocsdc.o  ./src/MiniDmaFifo2Mem/MiniDmaFifo2Mem.o  ./src/IicMaster/IicMaster.o  ./src/main.o   -Wl,--start-group,-lxil,-lfreertos,-lgcc,-lc,-lstdc++,--end-group
Finished building target: daq24b512k.elf
 
Invoking: MicroBlaze Print Size
mb-size daq24b512k.elf  |tee "daq24b512k.elf.size"
   text	   data	    bss	    dec	    hex	filename
 201632	  27376	1131656	1360664	 14c318	daq24b512k.elf
Finished building: daq24b512k.elf.size
 
18:42:58 **** Auto Build of configuration Debug for project daq24b512k ****
make all 
Building file: ../src/main.cc
Invoking: MicroBlaze g++ compiler
mb-g++ -Wall -O0 -g3 -c -fmessage-length=0 -MT"src/main.o" -I../../daq24b512k_bsp/microblaze_0/include -mlittle-endian -mxl-barrel-shift -mxl-pattern-compare -mno-xl-soft-div -mcpu=v10.0 -mno-xl-soft-mul -mxl-multiply-high -mhard-float -Wl,--no-relax -ffunction-sections -fdata-sections -MMD -MP -MF"src/main.d" -MT"src/main.o" -o "src/main.o" "../src/main.cc"
../src/main.cc: In function 'void initSDFAT()':
../src/main.cc:96:6: warning: unused variable 'l' [-Wunused-variable]
  int l = f_puts("hello xilffs!\r\n", &fil);
      ^
../src/main.cc: In function 'void tskMaster(void*)':
../src/main.cc:144:2: error: 'DateTime {aka union _DateTime}' has no member named 'sprintf'
  sprintf(fn, "%04d%02d%02d", )
  ^~~~~~~
../src/main.cc:144:30: error: expected primary-expression before ')' token
  sprintf(fn, "%04d%02d%02d", )
                              ^
../src/main.cc:140:7: warning: unused variable 'bw' [-Wunused-variable]
  UINT bw;
       ^~
src/subdir.mk:21: recipe for target 'src/main.o' failed
make: *** [src/main.o] Error 1
18:43:30 **** Auto Build of configuration Debug for project daq24b512k ****
make all 
Building file: ../src/main.cc
Invoking: MicroBlaze g++ compiler
mb-g++ -Wall -O0 -g3 -c -fmessage-length=0 -MT"src/main.o" -I../../daq24b512k_bsp/microblaze_0/include -mlittle-endian -mxl-barrel-shift -mxl-pattern-compare -mno-xl-soft-div -mcpu=v10.0 -mno-xl-soft-mul -mxl-multiply-high -mhard-float -Wl,--no-relax -ffunction-sections -fdata-sections -MMD -MP -MF"src/main.d" -MT"src/main.o" -o "src/main.o" "../src/main.cc"
../src/main.cc: In function 'void initSDFAT()':
../src/main.cc:96:6: warning: unused variable 'l' [-Wunused-variable]
  int l = f_puts("hello xilffs!\r\n", &fil);
      ^
../src/main.cc: In function 'void tskMaster(void*)':
../src/main.cc:144:2: error: expected ';' before 'sprintf'
  sprintf(fn, "%04d%02d%02d", )
  ^~~~~~~
../src/main.cc:140:7: warning: unused variable 'bw' [-Wunused-variable]
  UINT bw;
       ^~
src/subdir.mk:21: recipe for target 'src/main.o' failed
make: *** [src/main.o] Error 1
18:44:09 **** Auto Build of configuration Debug for project daq24b512k ****
make all 
Building file: ../src/main.cc
Invoking: MicroBlaze g++ compiler
mb-g++ -Wall -O0 -g3 -c -fmessage-length=0 -MT"src/main.o" -I../../daq24b512k_bsp/microblaze_0/include -mlittle-endian -mxl-barrel-shift -mxl-pattern-compare -mno-xl-soft-div -mcpu=v10.0 -mno-xl-soft-mul -mxl-multiply-high -mhard-float -Wl,--no-relax -ffunction-sections -fdata-sections -MMD -MP -MF"src/main.d" -MT"src/main.o" -o "src/main.o" "../src/main.cc"
../src/main.cc: In function 'void initSDFAT()':
../src/main.cc:96:6: warning: unused variable 'l' [-Wunused-variable]
  int l = f_puts("hello xilffs!\r\n", &fil);
      ^
../src/main.cc: In function 'void tskMaster(void*)':
../src/main.cc:144:71: warning: format '%d' expects argument of type 'int', but argument 4 has type 'long unsigned int' [-Wformat=]
  sprintf(fn, "%04d%02d%02d", dt.YearFrom1980 + 1980, dt.Month, dt.Date);
                                                      ~~~~~~~~         ^
../src/main.cc:144:71: warning: format '%d' expects argument of type 'int', but argument 5 has type 'long unsigned int' [-Wformat=]
../src/main.cc:146:15: error: too few arguments to function 'FRESULT f_mkdir(const TCHAR*)'
  fr - f_mkdir();
               ^
In file included from ../src/main.cc:20:0:
../src/xilffs/ff.h:241:9: note: declared here
 FRESULT f_mkdir (const TCHAR* path);        /* Create a sub directory */
         ^~~~~~~
../src/main.cc:140:7: warning: unused variable 'bw' [-Wunused-variable]
  UINT bw;
       ^~
src/subdir.mk:21: recipe for target 'src/main.o' failed
make: *** [src/main.o] Error 1
18:45:08 **** Auto Build of configuration Debug for project daq24b512k ****
make all 
Building file: ../src/main.cc
Invoking: MicroBlaze g++ compiler
mb-g++ -Wall -O0 -g3 -c -fmessage-length=0 -MT"src/main.o" -I../../daq24b512k_bsp/microblaze_0/include -mlittle-endian -mxl-barrel-shift -mxl-pattern-compare -mno-xl-soft-div -mcpu=v10.0 -mno-xl-soft-mul -mxl-multiply-high -mhard-float -Wl,--no-relax -ffunction-sections -fdata-sections -MMD -MP -MF"src/main.d" -MT"src/main.o" -o "src/main.o" "../src/main.cc"
../src/main.cc: In function 'void initSDFAT()':
../src/main.cc:96:6: warning: unused variable 'l' [-Wunused-variable]
  int l = f_puts("hello xilffs!\r\n", &fil);
      ^
../src/main.cc: In function 'void tskMaster(void*)':
../src/main.cc:140:7: warning: unused variable 'bw' [-Wunused-variable]
  UINT bw;
       ^~
Finished building: ../src/main.cc
 
Building target: daq24b512k.elf
Invoking: MicroBlaze g++ linker
mb-g++ -Wl,-T -Wl,../src/lscript.ld -L../../daq24b512k_bsp/microblaze_0/lib -mlittle-endian -mxl-barrel-shift -mxl-pattern-compare -mno-xl-soft-div -mcpu=v10.0 -mno-xl-soft-mul -mxl-multiply-high -mhard-float -Wl,--no-relax -Wl,--gc-sections -o "daq24b512k.elf"  ./src/xilffs/cc932.o ./src/xilffs/diskio.o ./src/xilffs/ff.o  ./src/sdc_ctrl/mmc.o ./src/sdc_ctrl/ocsdc.o  ./src/MiniDmaFifo2Mem/MiniDmaFifo2Mem.o  ./src/IicMaster/IicMaster.o  ./src/main.o   -Wl,--start-group,-lxil,-lfreertos,-lgcc,-lc,-lstdc++,--end-group
Finished building target: daq24b512k.elf
 
Invoking: MicroBlaze Print Size
mb-size daq24b512k.elf  |tee "daq24b512k.elf.size"
   text	   data	    bss	    dec	    hex	filename
 202824	  27376	1131656	1361856	 14c7c0	daq24b512k.elf
Finished building: daq24b512k.elf.size
 
18:45:11 **** Auto Build of configuration Debug for project daq24b512k ****
make all 
Building file: ../src/main.cc
Invoking: MicroBlaze g++ compiler
mb-g++ -Wall -O0 -g3 -c -fmessage-length=0 -MT"src/main.o" -I../../daq24b512k_bsp/microblaze_0/include -mlittle-endian -mxl-barrel-shift -mxl-pattern-compare -mno-xl-soft-div -mcpu=v10.0 -mno-xl-soft-mul -mxl-multiply-high -mhard-float -Wl,--no-relax -ffunction-sections -fdata-sections -MMD -MP -MF"src/main.d" -MT"src/main.o" -o "src/main.o" "../src/main.cc"
../src/main.cc: In function 'void initSDFAT()':
../src/main.cc:96:6: warning: unused variable 'l' [-Wunused-variable]
  int l = f_puts("hello xilffs!\r\n", &fil);
      ^
../src/main.cc: In function 'void tskMaster(void*)':
../src/main.cc:140:7: warning: unused variable 'bw' [-Wunused-variable]
  UINT bw;
       ^~
Finished building: ../src/main.cc
 
Building target: daq24b512k.elf
Invoking: MicroBlaze g++ linker
mb-g++ -Wl,-T -Wl,../src/lscript.ld -L../../daq24b512k_bsp/microblaze_0/lib -mlittle-endian -mxl-barrel-shift -mxl-pattern-compare -mno-xl-soft-div -mcpu=v10.0 -mno-xl-soft-mul -mxl-multiply-high -mhard-float -Wl,--no-relax -Wl,--gc-sections -o "daq24b512k.elf"  ./src/xilffs/cc932.o ./src/xilffs/diskio.o ./src/xilffs/ff.o  ./src/sdc_ctrl/mmc.o ./src/sdc_ctrl/ocsdc.o  ./src/MiniDmaFifo2Mem/MiniDmaFifo2Mem.o  ./src/IicMaster/IicMaster.o  ./src/main.o   -Wl,--start-group,-lxil,-lfreertos,-lgcc,-lc,-lstdc++,--end-group
Finished building target: daq24b512k.elf
 
Invoking: MicroBlaze Print Size
mb-size daq24b512k.elf  |tee "daq24b512k.elf.size"
   text	   data	    bss	    dec	    hex	filename
 202824	  27376	1131656	1361856	 14c7c0	daq24b512k.elf
Finished building: daq24b512k.elf.size
 
18:52:56 **** Auto Build of configuration Debug for project daq24b512k ****
make all 
Building file: ../src/main.cc
Invoking: MicroBlaze g++ compiler
mb-g++ -Wall -O0 -g3 -c -fmessage-length=0 -MT"src/main.o" -I../../daq24b512k_bsp/microblaze_0/include -mlittle-endian -mxl-barrel-shift -mxl-pattern-compare -mno-xl-soft-div -mcpu=v10.0 -mno-xl-soft-mul -mxl-multiply-high -mhard-float -Wl,--no-relax -ffunction-sections -fdata-sections -MMD -MP -MF"src/main.d" -MT"src/main.o" -o "src/main.o" "../src/main.cc"
../src/main.cc: In function 'void initSDFAT()':
../src/main.cc:96:6: warning: unused variable 'l' [-Wunused-variable]
  int l = f_puts("hello xilffs!\r\n", &fil);
      ^
../src/main.cc: In function 'void tskMaster(void*)':
../src/main.cc:140:7: warning: unused variable 'bw' [-Wunused-variable]
  UINT bw;
       ^~
Finished building: ../src/main.cc
 
Building target: daq24b512k.elf
Invoking: MicroBlaze g++ linker
mb-g++ -Wl,-T -Wl,../src/lscript.ld -L../../daq24b512k_bsp/microblaze_0/lib -mlittle-endian -mxl-barrel-shift -mxl-pattern-compare -mno-xl-soft-div -mcpu=v10.0 -mno-xl-soft-mul -mxl-multiply-high -mhard-float -Wl,--no-relax -Wl,--gc-sections -o "daq24b512k.elf"  ./src/xilffs/cc932.o ./src/xilffs/diskio.o ./src/xilffs/ff.o  ./src/sdc_ctrl/mmc.o ./src/sdc_ctrl/ocsdc.o  ./src/MiniDmaFifo2Mem/MiniDmaFifo2Mem.o  ./src/IicMaster/IicMaster.o  ./src/main.o   -Wl,--start-group,-lxil,-lfreertos,-lgcc,-lc,-lstdc++,--end-group
Finished building target: daq24b512k.elf
 
Invoking: MicroBlaze Print Size
mb-size daq24b512k.elf  |tee "daq24b512k.elf.size"
   text	   data	    bss	    dec	    hex	filename
 202824	  27376	1131704	1361904	 14c7f0	daq24b512k.elf
Finished building: daq24b512k.elf.size
 
18:55:05 **** Auto Build of configuration Debug for project daq24b512k ****
make all 
Building file: ../src/main.cc
Invoking: MicroBlaze g++ compiler
mb-g++ -Wall -O0 -g3 -c -fmessage-length=0 -MT"src/main.o" -I../../daq24b512k_bsp/microblaze_0/include -mlittle-endian -mxl-barrel-shift -mxl-pattern-compare -mno-xl-soft-div -mcpu=v10.0 -mno-xl-soft-mul -mxl-multiply-high -mhard-float -Wl,--no-relax -ffunction-sections -fdata-sections -MMD -MP -MF"src/main.d" -MT"src/main.o" -o "src/main.o" "../src/main.cc"
../src/main.cc: In function 'void initSDFAT()':
../src/main.cc:96:6: warning: unused variable 'l' [-Wunused-variable]
  int l = f_puts("hello xilffs!\r\n", &fil);
      ^
../src/main.cc: In function 'void tskMaster(void*)':
../src/main.cc:140:7: warning: unused variable 'bw' [-Wunused-variable]
  UINT bw;
       ^~
Finished building: ../src/main.cc
 
Building target: daq24b512k.elf
Invoking: MicroBlaze g++ linker
mb-g++ -Wl,-T -Wl,../src/lscript.ld -L../../daq24b512k_bsp/microblaze_0/lib -mlittle-endian -mxl-barrel-shift -mxl-pattern-compare -mno-xl-soft-div -mcpu=v10.0 -mno-xl-soft-mul -mxl-multiply-high -mhard-float -Wl,--no-relax -Wl,--gc-sections -o "daq24b512k.elf"  ./src/xilffs/cc932.o ./src/xilffs/diskio.o ./src/xilffs/ff.o  ./src/sdc_ctrl/mmc.o ./src/sdc_ctrl/ocsdc.o  ./src/MiniDmaFifo2Mem/MiniDmaFifo2Mem.o  ./src/IicMaster/IicMaster.o  ./src/main.o   -Wl,--start-group,-lxil,-lfreertos,-lgcc,-lc,-lstdc++,--end-group
Finished building target: daq24b512k.elf
 
Invoking: MicroBlaze Print Size
mb-size daq24b512k.elf  |tee "daq24b512k.elf.size"
   text	   data	    bss	    dec	    hex	filename
 202816	  27376	1131696	1361888	 14c7e0	daq24b512k.elf
Finished building: daq24b512k.elf.size
 
19:07:26 **** Auto Build of configuration Debug for project daq24b512k ****
make all 
make: Nothing to be done for 'all'.
19:08:36 **** Auto Build of configuration Debug for project daq24b512k ****
make all 
Building file: ../src/FileWrite/FileRW.cc
Invoking: MicroBlaze g++ compiler
mb-g++ -Wall -O0 -g3 -c -fmessage-length=0 -MT"src/FileWrite/FileRW.o" -I../../daq24b512k_bsp/microblaze_0/include -mlittle-endian -mxl-barrel-shift -mxl-pattern-compare -mno-xl-soft-div -mcpu=v10.0 -mno-xl-soft-mul -mxl-multiply-high -mhard-float -Wl,--no-relax -ffunction-sections -fdata-sections -MMD -MP -MF"src/FileWrite/FileRW.d" -MT"src/FileWrite/FileRW.o" -o "src/FileWrite/FileRW.o" "../src/FileWrite/FileRW.cc"
../src/FileWrite/FileRW.cc:13:10: fatal error: xdc/std.h: No such file or directory
 #include <xdc/std.h>
          ^~~~~~~~~~~
compilation terminated.
make: *** [src/FileWrite/FileRW.o] Error 1
src/FileWrite/subdir.mk:18: recipe for target 'src/FileWrite/FileRW.o' failed
19:08:53 **** Auto Build of configuration Debug for project daq24b512k ****
make all 
Building file: ../src/FileWrite/FileRW.cc
Invoking: MicroBlaze g++ compiler
mb-g++ -Wall -O0 -g3 -c -fmessage-length=0 -MT"src/FileWrite/FileRW.o" -I../../daq24b512k_bsp/microblaze_0/include -mlittle-endian -mxl-barrel-shift -mxl-pattern-compare -mno-xl-soft-div -mcpu=v10.0 -mno-xl-soft-mul -mxl-multiply-high -mhard-float -Wl,--no-relax -ffunction-sections -fdata-sections -MMD -MP -MF"src/FileWrite/FileRW.d" -MT"src/FileWrite/FileRW.o" -o "src/FileWrite/FileRW.o" "../src/FileWrite/FileRW.cc"
../src/FileWrite/FileRW.cc:13:10: fatal error: xdc/std.h: No such file or directory
 #include <xdc/std.h>
          ^~~~~~~~~~~
compilation terminated.
src/FileWrite/subdir.mk:18: recipe for target 'src/FileWrite/FileRW.o' failed
make: *** [src/FileWrite/FileRW.o] Error 1
19:08:55 **** Auto Build of configuration Debug for project daq24b512k ****
make all 
Building file: ../src/FileWrite/FileRW.cc
Invoking: MicroBlaze g++ compiler
mb-g++ -Wall -O0 -g3 -c -fmessage-length=0 -MT"src/FileWrite/FileRW.o" -I../../daq24b512k_bsp/microblaze_0/include -mlittle-endian -mxl-barrel-shift -mxl-pattern-compare -mno-xl-soft-div -mcpu=v10.0 -mno-xl-soft-mul -mxl-multiply-high -mhard-float -Wl,--no-relax -ffunction-sections -fdata-sections -MMD -MP -MF"src/FileWrite/FileRW.d" -MT"src/FileWrite/FileRW.o" -o "src/FileWrite/FileRW.o" "../src/FileWrite/FileRW.cc"
../src/FileWrite/FileRW.cc:13:10: fatal error: xdc/std.h: No such file or directory
 #include <xdc/std.h>
          ^~~~~~~~~~~
compilation terminated.
make: *** [src/FileWrite/FileRW.o] Error 1
src/FileWrite/subdir.mk:18: recipe for target 'src/FileWrite/FileRW.o' failed
19:12:59 **** Auto Build of configuration Debug for project daq24b512k ****
make all 
Building file: ../src/main.cc
Invoking: MicroBlaze g++ compiler
mb-g++ -Wall -O0 -g3 -c -fmessage-length=0 -MT"src/main.o" -I../../daq24b512k_bsp/microblaze_0/include -mlittle-endian -mxl-barrel-shift -mxl-pattern-compare -mno-xl-soft-div -mcpu=v10.0 -mno-xl-soft-mul -mxl-multiply-high -mhard-float -Wl,--no-relax -ffunction-sections -fdata-sections -MMD -MP -MF"src/main.d" -MT"src/main.o" -o "src/main.o" "../src/main.cc"
../src/main.cc:28:1: error: 'MonoWavHeader' does not name a type
 MonoWavHeader wavHeader;
 ^~~~~~~~~~~~~
../src/main.cc: In function 'void initSDFAT()':
../src/main.cc:98:6: warning: unused variable 'l' [-Wunused-variable]
  int l = f_puts("hello xilffs!\r\n", &fil);
      ^
../src/main.cc: In function 'void tskMaster(void*)':
../src/main.cc:151:28: error: 'id' was not declared in this scope
   sprintf(fn, "d%07d.bin", id++);
                            ^~
../src/main.cc:142:7: warning: unused variable 'bw' [-Wunused-variable]
  UINT bw;
       ^~
make: *** [src/main.o] Error 1
src/subdir.mk:21: recipe for target 'src/main.o' failed
19:13:19 **** Auto Build of configuration Debug for project daq24b512k ****
make all 
Building file: ../src/main.cc
Invoking: MicroBlaze g++ compiler
mb-g++ -Wall -O0 -g3 -c -fmessage-length=0 -MT"src/main.o" -I../../daq24b512k_bsp/microblaze_0/include -mlittle-endian -mxl-barrel-shift -mxl-pattern-compare -mno-xl-soft-div -mcpu=v10.0 -mno-xl-soft-mul -mxl-multiply-high -mhard-float -Wl,--no-relax -ffunction-sections -fdata-sections -MMD -MP -MF"src/main.d" -MT"src/main.o" -o "src/main.o" "../src/main.cc"
In file included from ../src/main.cc:22:0:
../src/FileWrite/FileRW.h:11:10: fatal error: ti/sysbios/knl/Semaphore.h: No such file or directory
 #include <ti/sysbios/knl/Semaphore.h>
          ^~~~~~~~~~~~~~~~~~~~~~~~~~~~
compilation terminated.
make: *** [src/main.o] Error 1
src/subdir.mk:21: recipe for target 'src/main.o' failed
19:20:31 **** Auto Build of configuration Debug for project daq24b512k ****
make all 
Building file: ../src/main.cc
Invoking: MicroBlaze g++ compiler
mb-g++ -Wall -O0 -g3 -c -fmessage-length=0 -MT"src/main.o" -I../../daq24b512k_bsp/microblaze_0/include -mlittle-endian -mxl-barrel-shift -mxl-pattern-compare -mno-xl-soft-div -mcpu=v10.0 -mno-xl-soft-mul -mxl-multiply-high -mhard-float -Wl,--no-relax -ffunction-sections -fdata-sections -MMD -MP -MF"src/main.d" -MT"src/main.o" -o "src/main.o" "../src/main.cc"
In file included from ../src/main.cc:22:0:
../src/FileWrite/FileRW.h:11:10: fatal error: ti/sysbios/knl/Semaphore.h: No such file or directory
 #include <ti/sysbios/knl/Semaphore.h>
          ^~~~~~~~~~~~~~~~~~~~~~~~~~~~
compilation terminated.
src/subdir.mk:21: recipe for target 'src/main.o' failed
make: *** [src/main.o] Error 1
19:20:36 **** Auto Build of configuration Debug for project daq24b512k ****
make all 
Building file: ../src/main.cc
Invoking: MicroBlaze g++ compiler
mb-g++ -Wall -O0 -g3 -c -fmessage-length=0 -MT"src/main.o" -I../../daq24b512k_bsp/microblaze_0/include -mlittle-endian -mxl-barrel-shift -mxl-pattern-compare -mno-xl-soft-div -mcpu=v10.0 -mno-xl-soft-mul -mxl-multiply-high -mhard-float -Wl,--no-relax -ffunction-sections -fdata-sections -MMD -MP -MF"src/main.d" -MT"src/main.o" -o "src/main.o" "../src/main.cc"
In file included from ../src/main.cc:22:0:
../src/FileWrite/FileRW.h:11:10: fatal error: ti/sysbios/knl/Semaphore.h: No such file or directory
 #include <ti/sysbios/knl/Semaphore.h>
          ^~~~~~~~~~~~~~~~~~~~~~~~~~~~
compilation terminated.
make: *** [src/main.o] Error 1
src/subdir.mk:21: recipe for target 'src/main.o' failed
19:21:49 **** Auto Build of configuration Debug for project daq24b512k ****
make all 
Building file: ../src/main.cc
Invoking: MicroBlaze g++ compiler
mb-g++ -Wall -O0 -g3 -c -fmessage-length=0 -MT"src/main.o" -I../../daq24b512k_bsp/microblaze_0/include -mlittle-endian -mxl-barrel-shift -mxl-pattern-compare -mno-xl-soft-div -mcpu=v10.0 -mno-xl-soft-mul -mxl-multiply-high -mhard-float -Wl,--no-relax -ffunction-sections -fdata-sections -MMD -MP -MF"src/main.d" -MT"src/main.o" -o "src/main.o" "../src/main.cc"
In file included from ../src/main.cc:22:0:
../src/FileWrite/FileRW.h:11:10: fatal error: ti/sysbios/knl/Semaphore.h: No such file or directory
 #include <ti/sysbios/knl/Semaphore.h>
          ^~~~~~~~~~~~~~~~~~~~~~~~~~~~
compilation terminated.
make: *** [src/main.o] Error 1
src/subdir.mk:21: recipe for target 'src/main.o' failed
19:24:23 **** Auto Build of configuration Debug for project daq24b512k ****
make all 
Building file: ../src/main.cc
Invoking: MicroBlaze g++ compiler
mb-g++ -Wall -O0 -g3 -c -fmessage-length=0 -MT"src/main.o" -I../../daq24b512k_bsp/microblaze_0/include -mlittle-endian -mxl-barrel-shift -mxl-pattern-compare -mno-xl-soft-div -mcpu=v10.0 -mno-xl-soft-mul -mxl-multiply-high -mhard-float -Wl,--no-relax -ffunction-sections -fdata-sections -MMD -MP -MF"src/main.d" -MT"src/main.o" -o "src/main.o" "../src/main.cc"
In file included from ../src/main.cc:22:0:
../src/FileWrite/FileRW.h:11:10: fatal error: ti/sysbios/knl/Semaphore.h: No such file or directory
 #include <ti/sysbios/knl/Semaphore.h>
          ^~~~~~~~~~~~~~~~~~~~~~~~~~~~
compilation terminated.
make: *** [src/main.o] Error 1
src/subdir.mk:21: recipe for target 'src/main.o' failed
19:26:29 **** Auto Build of configuration Debug for project daq24b512k ****
make all 
Building file: ../src/main.cc
Invoking: MicroBlaze g++ compiler
mb-g++ -Wall -O0 -g3 -c -fmessage-length=0 -MT"src/main.o" -I../../daq24b512k_bsp/microblaze_0/include -mlittle-endian -mxl-barrel-shift -mxl-pattern-compare -mno-xl-soft-div -mcpu=v10.0 -mno-xl-soft-mul -mxl-multiply-high -mhard-float -Wl,--no-relax -ffunction-sections -fdata-sections -MMD -MP -MF"src/main.d" -MT"src/main.o" -o "src/main.o" "../src/main.cc"
In file included from ../src/main.cc:22:0:
../src/FileWrite/FileRW.h:11:10: fatal error: ti/sysbios/knl/Semaphore.h: No such file or directory
 #include <ti/sysbios/knl/Semaphore.h>
          ^~~~~~~~~~~~~~~~~~~~~~~~~~~~
compilation terminated.
src/subdir.mk:21: recipe for target 'src/main.o' failed
make: *** [src/main.o] Error 1
19:26:45 **** Auto Build of configuration Debug for project daq24b512k ****
make all 
Building file: ../src/main.cc
Invoking: MicroBlaze g++ compiler
mb-g++ -Wall -O0 -g3 -c -fmessage-length=0 -MT"src/main.o" -I../../daq24b512k_bsp/microblaze_0/include -mlittle-endian -mxl-barrel-shift -mxl-pattern-compare -mno-xl-soft-div -mcpu=v10.0 -mno-xl-soft-mul -mxl-multiply-high -mhard-float -Wl,--no-relax -ffunction-sections -fdata-sections -MMD -MP -MF"src/main.d" -MT"src/main.o" -o "src/main.o" "../src/main.cc"
In file included from ../src/main.cc:22:0:
../src/FileWrite/FileRW.h:11:10: fatal error: ti/sysbios/knl/Semaphore.h: No such file or directory
 #include <ti/sysbios/knl/Semaphore.h>
          ^~~~~~~~~~~~~~~~~~~~~~~~~~~~
compilation terminated.
src/subdir.mk:21: recipe for target 'src/main.o' failed
make: *** [src/main.o] Error 1
19:27:06 **** Auto Build of configuration Debug for project daq24b512k ****
make all 
Building file: ../src/main.cc
Invoking: MicroBlaze g++ compiler
mb-g++ -Wall -O0 -g3 -c -fmessage-length=0 -MT"src/main.o" -I../../daq24b512k_bsp/microblaze_0/include -mlittle-endian -mxl-barrel-shift -mxl-pattern-compare -mno-xl-soft-div -mcpu=v10.0 -mno-xl-soft-mul -mxl-multiply-high -mhard-float -Wl,--no-relax -ffunction-sections -fdata-sections -MMD -MP -MF"src/main.d" -MT"src/main.o" -o "src/main.o" "../src/main.cc"
In file included from ../src/main.cc:22:0:
../src/FileWrite/FileRW.h:11:10: fatal error: ti/sysbios/knl/Semaphore.h: No such file or directory
 #include <ti/sysbios/knl/Semaphore.h>
          ^~~~~~~~~~~~~~~~~~~~~~~~~~~~
compilation terminated.
make: *** [src/main.o] Error 1
src/subdir.mk:21: recipe for target 'src/main.o' failed
19:27:19 **** Auto Build of configuration Debug for project daq24b512k ****
make all 
Building file: ../src/main.cc
Invoking: MicroBlaze g++ compiler
mb-g++ -Wall -O0 -g3 -c -fmessage-length=0 -MT"src/main.o" -I../../daq24b512k_bsp/microblaze_0/include -mlittle-endian -mxl-barrel-shift -mxl-pattern-compare -mno-xl-soft-div -mcpu=v10.0 -mno-xl-soft-mul -mxl-multiply-high -mhard-float -Wl,--no-relax -ffunction-sections -fdata-sections -MMD -MP -MF"src/main.d" -MT"src/main.o" -o "src/main.o" "../src/main.cc"
../src/main.cc: In function 'void initSDFAT()':
../src/main.cc:133:6: warning: unused variable 'l' [-Wunused-variable]
  int l = f_puts("hello xilffs!\r\n", &fil);
      ^
../src/main.cc: In function 'void tskMaster(void*)':
../src/main.cc:190:22: error: expected primary-expression before ')' token
   fr = f_write(&fil, )
                      ^
../src/main.cc:191:20: error: 'sec' was not declared in this scope
   for(int sec = 0; sec < 60; sec++)
                    ^~~
../src/main.cc:175:6: warning: unused variable 'ret' [-Wunused-variable]
  int ret;
      ^~~
../src/main.cc:177:7: warning: unused variable 'bw' [-Wunused-variable]
  UINT bw;
       ^~
make: *** [src/main.o] Error 1
src/subdir.mk:21: recipe for target 'src/main.o' failed
19:27:47 **** Auto Build of configuration Debug for project daq24b512k ****
make all 
Building file: ../src/main.cc
Invoking: MicroBlaze g++ compiler
mb-g++ -Wall -O0 -g3 -c -fmessage-length=0 -MT"src/main.o" -I../../daq24b512k_bsp/microblaze_0/include -mlittle-endian -mxl-barrel-shift -mxl-pattern-compare -mno-xl-soft-div -mcpu=v10.0 -mno-xl-soft-mul -mxl-multiply-high -mhard-float -Wl,--no-relax -ffunction-sections -fdata-sections -MMD -MP -MF"src/main.d" -MT"src/main.o" -o "src/main.o" "../src/main.cc"
../src/main.cc: In function 'void initSDFAT()':
../src/main.cc:133:6: warning: unused variable 'l' [-Wunused-variable]
  int l = f_puts("hello xilffs!\r\n", &fil);
      ^
../src/main.cc: In function 'void tskMaster(void*)':
../src/main.cc:190:50: error: cannot convert 'MonoWavHeader' to 'const void*' for argument '2' to 'FRESULT f_write(FIL*, const void*, UINT, UINT*)'
   fr = f_write(&fil, wavHeader, sizeof(wavHeader))
                                                  ^
../src/main.cc:191:20: error: 'sec' was not declared in this scope
   for(int sec = 0; sec < 60; sec++)
                    ^~~
../src/main.cc:175:6: warning: unused variable 'ret' [-Wunused-variable]
  int ret;
      ^~~
../src/main.cc:177:7: warning: unused variable 'bw' [-Wunused-variable]
  UINT bw;
       ^~
make: *** [src/main.o] Error 1
src/subdir.mk:21: recipe for target 'src/main.o' failed
19:28:03 **** Auto Build of configuration Debug for project daq24b512k ****
make all 
Building file: ../src/main.cc
Invoking: MicroBlaze g++ compiler
mb-g++ -Wall -O0 -g3 -c -fmessage-length=0 -MT"src/main.o" -I../../daq24b512k_bsp/microblaze_0/include -mlittle-endian -mxl-barrel-shift -mxl-pattern-compare -mno-xl-soft-div -mcpu=v10.0 -mno-xl-soft-mul -mxl-multiply-high -mhard-float -Wl,--no-relax -ffunction-sections -fdata-sections -MMD -MP -MF"src/main.d" -MT"src/main.o" -o "src/main.o" "../src/main.cc"
../src/main.cc: In function 'void initSDFAT()':
../src/main.cc:133:6: warning: unused variable 'l' [-Wunused-variable]
  int l = f_puts("hello xilffs!\r\n", &fil);
      ^
../src/main.cc: In function 'void tskMaster(void*)':
../src/main.cc:190:54: error: cannot convert 'MonoWavHeader' to 'const void*' for argument '2' to 'FRESULT f_write(FIL*, const void*, UINT, UINT*)'
   fr = f_write(&fil, wavHeader, sizeof(MonoWavHeader));
                                                      ^
src/subdir.mk:21: recipe for target 'src/main.o' failed
make: *** [src/main.o] Error 1
19:28:24 **** Auto Build of configuration Debug for project daq24b512k ****
make all 
Building file: ../src/main.cc
Invoking: MicroBlaze g++ compiler
mb-g++ -Wall -O0 -g3 -c -fmessage-length=0 -MT"src/main.o" -I../../daq24b512k_bsp/microblaze_0/include -mlittle-endian -mxl-barrel-shift -mxl-pattern-compare -mno-xl-soft-div -mcpu=v10.0 -mno-xl-soft-mul -mxl-multiply-high -mhard-float -Wl,--no-relax -ffunction-sections -fdata-sections -MMD -MP -MF"src/main.d" -MT"src/main.o" -o "src/main.o" "../src/main.cc"
../src/main.cc: In function 'void initSDFAT()':
../src/main.cc:133:6: warning: unused variable 'l' [-Wunused-variable]
  int l = f_puts("hello xilffs!\r\n", &fil);
      ^
../src/main.cc: In function 'void tskMaster(void*)':
../src/main.cc:190:29: error: ISO C++ forbids declaration of 'type name' with no type [-fpermissive]
   fr = f_write(&fil, (const *)wavHeader, sizeof(MonoWavHeader));
                             ^
../src/main.cc:190:31: error: invalid cast from type 'MonoWavHeader' to type 'const int*'
   fr = f_write(&fil, (const *)wavHeader, sizeof(MonoWavHeader));
                               ^~~~~~~~~
make: *** [src/main.o] Error 1
src/subdir.mk:21: recipe for target 'src/main.o' failed
19:28:38 **** Auto Build of configuration Debug for project daq24b512k ****
make all 
Building file: ../src/main.cc
Invoking: MicroBlaze g++ compiler
mb-g++ -Wall -O0 -g3 -c -fmessage-length=0 -MT"src/main.o" -I../../daq24b512k_bsp/microblaze_0/include -mlittle-endian -mxl-barrel-shift -mxl-pattern-compare -mno-xl-soft-div -mcpu=v10.0 -mno-xl-soft-mul -mxl-multiply-high -mhard-float -Wl,--no-relax -ffunction-sections -fdata-sections -MMD -MP -MF"src/main.d" -MT"src/main.o" -o "src/main.o" "../src/main.cc"
../src/main.cc: In function 'void initSDFAT()':
../src/main.cc:133:6: warning: unused variable 'l' [-Wunused-variable]
  int l = f_puts("hello xilffs!\r\n", &fil);
      ^
../src/main.cc: In function 'void tskMaster(void*)':
../src/main.cc:190:36: error: invalid cast from type 'MonoWavHeader' to type 'const void*'
   fr = f_write(&fil, (const void *)wavHeader, sizeof(MonoWavHeader));
                                    ^~~~~~~~~
src/subdir.mk:21: recipe for target 'src/main.o' failed
make: *** [src/main.o] Error 1
19:28:42 **** Auto Build of configuration Debug for project daq24b512k ****
make all 
Building file: ../src/main.cc
Invoking: MicroBlaze g++ compiler
mb-g++ -Wall -O0 -g3 -c -fmessage-length=0 -MT"src/main.o" -I../../daq24b512k_bsp/microblaze_0/include -mlittle-endian -mxl-barrel-shift -mxl-pattern-compare -mno-xl-soft-div -mcpu=v10.0 -mno-xl-soft-mul -mxl-multiply-high -mhard-float -Wl,--no-relax -ffunction-sections -fdata-sections -MMD -MP -MF"src/main.d" -MT"src/main.o" -o "src/main.o" "../src/main.cc"
../src/main.cc: In function 'void initSDFAT()':
../src/main.cc:133:6: warning: unused variable 'l' [-Wunused-variable]
  int l = f_puts("hello xilffs!\r\n", &fil);
      ^
../src/main.cc: In function 'void tskMaster(void*)':
../src/main.cc:190:30: error: invalid cast from type 'MonoWavHeader' to type 'void*'
   fr = f_write(&fil, (void *)wavHeader, sizeof(MonoWavHeader));
                              ^~~~~~~~~
src/subdir.mk:21: recipe for target 'src/main.o' failed
make: *** [src/main.o] Error 1
19:28:47 **** Auto Build of configuration Debug for project daq24b512k ****
make all 
Building file: ../src/main.cc
Invoking: MicroBlaze g++ compiler
mb-g++ -Wall -O0 -g3 -c -fmessage-length=0 -MT"src/main.o" -I../../daq24b512k_bsp/microblaze_0/include -mlittle-endian -mxl-barrel-shift -mxl-pattern-compare -mno-xl-soft-div -mcpu=v10.0 -mno-xl-soft-mul -mxl-multiply-high -mhard-float -Wl,--no-relax -ffunction-sections -fdata-sections -MMD -MP -MF"src/main.d" -MT"src/main.o" -o "src/main.o" "../src/main.cc"
../src/main.cc: In function 'void initSDFAT()':
../src/main.cc:133:6: warning: unused variable 'l' [-Wunused-variable]
  int l = f_puts("hello xilffs!\r\n", &fil);
      ^
../src/main.cc: In function 'void tskMaster(void*)':
../src/main.cc:190:69: error: too few arguments to function 'FRESULT f_write(FIL*, const void*, UINT, UINT*)'
   fr = f_write(&fil, (const void *)&wavHeader, sizeof(MonoWavHeader));
                                                                     ^
In file included from ../src/main.cc:20:0:
../src/xilffs/ff.h:224:9: note: declared here
 FRESULT f_write (FIL* fp, const void* buff, UINT btw, UINT* bw); /* Write data to a file */
         ^~~~~~~
src/subdir.mk:21: recipe for target 'src/main.o' failed
make: *** [src/main.o] Error 1
19:28:49 **** Auto Build of configuration Debug for project daq24b512k ****
make all 
Building file: ../src/main.cc
Invoking: MicroBlaze g++ compiler
mb-g++ -Wall -O0 -g3 -c -fmessage-length=0 -MT"src/main.o" -I../../daq24b512k_bsp/microblaze_0/include -mlittle-endian -mxl-barrel-shift -mxl-pattern-compare -mno-xl-soft-div -mcpu=v10.0 -mno-xl-soft-mul -mxl-multiply-high -mhard-float -Wl,--no-relax -ffunction-sections -fdata-sections -MMD -MP -MF"src/main.d" -MT"src/main.o" -o "src/main.o" "../src/main.cc"
../src/main.cc: In function 'void initSDFAT()':
../src/main.cc:133:6: warning: unused variable 'l' [-Wunused-variable]
src/subdir.mk:21: recipe for target 'src/main.o' failed
  int l = f_puts("hello xilffs!\r\n", &fil);
      ^
../src/main.cc: In function 'void tskMaster(void*)':
../src/main.cc:190:63: error: too few arguments to function 'FRESULT f_write(FIL*, const void*, UINT, UINT*)'
   fr = f_write(&fil, (void *)&wavHeader, sizeof(MonoWavHeader));
                                                               ^
In file included from ../src/main.cc:20:0:
../src/xilffs/ff.h:224:9: note: declared here
 FRESULT f_write (FIL* fp, const void* buff, UINT btw, UINT* bw); /* Write data to a file */
         ^~~~~~~
make: *** [src/main.o] Error 1
19:29:14 **** Auto Build of configuration Debug for project daq24b512k ****
make all 
Building file: ../src/main.cc
Invoking: MicroBlaze g++ compiler
mb-g++ -Wall -O0 -g3 -c -fmessage-length=0 -MT"src/main.o" -I../../daq24b512k_bsp/microblaze_0/include -mlittle-endian -mxl-barrel-shift -mxl-pattern-compare -mno-xl-soft-div -mcpu=v10.0 -mno-xl-soft-mul -mxl-multiply-high -mhard-float -Wl,--no-relax -ffunction-sections -fdata-sections -MMD -MP -MF"src/main.d" -MT"src/main.o" -o "src/main.o" "../src/main.cc"
../src/main.cc: In function 'void initSDFAT()':
../src/main.cc:133:6: warning: unused variable 'l' [-Wunused-variable]
  int l = f_puts("hello xilffs!\r\n", &fil);
      ^
Finished building: ../src/main.cc
 
Building file: ../src/FileWrite/FileRW.cc
Invoking: MicroBlaze g++ compiler
mb-g++ -Wall -O0 -g3 -c -fmessage-length=0 -MT"src/FileWrite/FileRW.o" -I../../daq24b512k_bsp/microblaze_0/include -mlittle-endian -mxl-barrel-shift -mxl-pattern-compare -mno-xl-soft-div -mcpu=v10.0 -mno-xl-soft-mul -mxl-multiply-high -mhard-float -Wl,--no-relax -ffunction-sections -fdata-sections -MMD -MP -MF"src/FileWrite/FileRW.d" -MT"src/FileWrite/FileRW.o" -o "src/FileWrite/FileRW.o" "../src/FileWrite/FileRW.cc"
../src/FileWrite/FileRW.cc:13:10: fatal error: xdc/std.h: No such file or directory
 #include <xdc/std.h>
          ^~~~~~~~~~~
compilation terminated.
make: *** [src/FileWrite/FileRW.o] Error 1
src/FileWrite/subdir.mk:18: recipe for target 'src/FileWrite/FileRW.o' failed
19:29:22 **** Auto Build of configuration Debug for project daq24b512k ****
make all 
Building file: ../src/main.cc
Invoking: MicroBlaze g++ compiler
mb-g++ -Wall -O0 -g3 -c -fmessage-length=0 -MT"src/main.o" -I../../daq24b512k_bsp/microblaze_0/include -mlittle-endian -mxl-barrel-shift -mxl-pattern-compare -mno-xl-soft-div -mcpu=v10.0 -mno-xl-soft-mul -mxl-multiply-high -mhard-float -Wl,--no-relax -ffunction-sections -fdata-sections -MMD -MP -MF"src/main.d" -MT"src/main.o" -o "src/main.o" "../src/main.cc"
../src/main.cc: In function 'void initSDFAT()':
../src/main.cc:133:6: warning: unused variable 'l' [-Wunused-variable]
  int l = f_puts("hello xilffs!\r\n", &fil);
      ^
Finished building: ../src/main.cc
 
Building file: ../src/FileWrite/FileRW.cc
Invoking: MicroBlaze g++ compiler
mb-g++ -Wall -O0 -g3 -c -fmessage-length=0 -MT"src/FileWrite/FileRW.o" -I../../daq24b512k_bsp/microblaze_0/include -mlittle-endian -mxl-barrel-shift -mxl-pattern-compare -mno-xl-soft-div -mcpu=v10.0 -mno-xl-soft-mul -mxl-multiply-high -mhard-float -Wl,--no-relax -ffunction-sections -fdata-sections -MMD -MP -MF"src/FileWrite/FileRW.d" -MT"src/FileWrite/FileRW.o" -o "src/FileWrite/FileRW.o" "../src/FileWrite/FileRW.cc"
../src/FileWrite/FileRW.cc:13:10: fatal error: xdc/std.h: No such file or directory
 #include <xdc/std.h>
          ^~~~~~~~~~~
compilation terminated.
make: *** [src/FileWrite/FileRW.o] Error 1
src/FileWrite/subdir.mk:18: recipe for target 'src/FileWrite/FileRW.o' failed
19:29:48 **** Auto Build of configuration Debug for project daq24b512k ****
make all 
Building file: ../src/main.cc
Invoking: MicroBlaze g++ compiler
mb-g++ -Wall -O0 -g3 -c -fmessage-length=0 -MT"src/main.o" -I../../daq24b512k_bsp/microblaze_0/include -mlittle-endian -mxl-barrel-shift -mxl-pattern-compare -mno-xl-soft-div -mcpu=v10.0 -mno-xl-soft-mul -mxl-multiply-high -mhard-float -Wl,--no-relax -ffunction-sections -fdata-sections -MMD -MP -MF"src/main.d" -MT"src/main.o" -o "src/main.o" "../src/main.cc"
../src/main.cc: In function 'void initSDFAT()':
../src/main.cc:133:6: warning: unused variable 'l' [-Wunused-variable]
  int l = f_puts("hello xilffs!\r\n", &fil);
      ^
../src/main.cc: In function 'void tskMaster(void*)':
../src/main.cc:190:28: error: expected ';' before 'l'
   configASSERT(fr == FR_OK)l
                            ^
../src/main.cc:191:20: error: 'sec' was not declared in this scope
   for(int sec = 0; sec < 60; sec++)
                    ^~~
../src/main.cc:175:6: warning: unused variable 'ret' [-Wunused-variable]
  int ret;
      ^~~
make: *** [src/main.o] Error 1
src/subdir.mk:21: recipe for target 'src/main.o' failed
19:29:49 **** Auto Build of configuration Debug for project daq24b512k ****
make all 
Building file: ../src/main.cc
Invoking: MicroBlaze g++ compiler
mb-g++ -Wall -O0 -g3 -c -fmessage-length=0 -MT"src/main.o" -I../../daq24b512k_bsp/microblaze_0/include -mlittle-endian -mxl-barrel-shift -mxl-pattern-compare -mno-xl-soft-div -mcpu=v10.0 -mno-xl-soft-mul -mxl-multiply-high -mhard-float -Wl,--no-relax -ffunction-sections -fdata-sections -MMD -MP -MF"src/main.d" -MT"src/main.o" -o "src/main.o" "../src/main.cc"
../src/main.cc: In function 'void initSDFAT()':
../src/main.cc:133:6: warning: unused variable 'l' [-Wunused-variable]
  int l = f_puts("hello xilffs!\r\n", &fil);
      ^
Finished building: ../src/main.cc
 
Building file: ../src/FileWrite/FileRW.cc
Invoking: MicroBlaze g++ compiler
mb-g++ -Wall -O0 -g3 -c -fmessage-length=0 -MT"src/FileWrite/FileRW.o" -I../../daq24b512k_bsp/microblaze_0/include -mlittle-endian -mxl-barrel-shift -mxl-pattern-compare -mno-xl-soft-div -mcpu=v10.0 -mno-xl-soft-mul -mxl-multiply-high -mhard-float -Wl,--no-relax -ffunction-sections -fdata-sections -MMD -MP -MF"src/FileWrite/FileRW.d" -MT"src/FileWrite/FileRW.o" -o "src/FileWrite/FileRW.o" "../src/FileWrite/FileRW.cc"
../src/FileWrite/FileRW.cc:13:10: fatal error: xdc/std.h: No such file or directory
 #include <xdc/std.h>
          ^~~~~~~~~~~
compilation terminated.
src/FileWrite/subdir.mk:18: recipe for target 'src/FileWrite/FileRW.o' failed
make: *** [src/FileWrite/FileRW.o] Error 1
19:30:05 **** Auto Build of configuration Debug for project daq24b512k ****
make all 
Building file: ../src/main.cc
Invoking: MicroBlaze g++ compiler
mb-g++ -Wall -O0 -g3 -c -fmessage-length=0 -MT"src/main.o" -I../../daq24b512k_bsp/microblaze_0/include -mlittle-endian -mxl-barrel-shift -mxl-pattern-compare -mno-xl-soft-div -mcpu=v10.0 -mno-xl-soft-mul -mxl-multiply-high -mhard-float -Wl,--no-relax -ffunction-sections -fdata-sections -MMD -MP -MF"src/main.d" -MT"src/main.o" -o "src/main.o" "../src/main.cc"
../src/main.cc: In function 'void initSDFAT()':
../src/main.cc:133:6: warning: unused variable 'l' [-Wunused-variable]
  int l = f_puts("hello xilffs!\r\n", &fil);
      ^
Finished building: ../src/main.cc
 
Building file: ../src/FileWrite/FileRW.cc
Invoking: MicroBlaze g++ compiler
mb-g++ -Wall -O0 -g3 -c -fmessage-length=0 -MT"src/FileWrite/FileRW.o" -I../../daq24b512k_bsp/microblaze_0/include -mlittle-endian -mxl-barrel-shift -mxl-pattern-compare -mno-xl-soft-div -mcpu=v10.0 -mno-xl-soft-mul -mxl-multiply-high -mhard-float -Wl,--no-relax -ffunction-sections -fdata-sections -MMD -MP -MF"src/FileWrite/FileRW.d" -MT"src/FileWrite/FileRW.o" -o "src/FileWrite/FileRW.o" "../src/FileWrite/FileRW.cc"
../src/FileWrite/FileRW.cc:13:10: fatal error: xdc/std.h: No such file or directory
 #include <xdc/std.h>
          ^~~~~~~~~~~
compilation terminated.
src/FileWrite/subdir.mk:18: recipe for target 'src/FileWrite/FileRW.o' failed
make: *** [src/FileWrite/FileRW.o] Error 1
19:30:55 **** Auto Build of configuration Debug for project daq24b512k ****
make all 
Building file: ../src/main.cc
Invoking: MicroBlaze g++ compiler
mb-g++ -Wall -O0 -g3 -c -fmessage-length=0 -MT"src/main.o" -I../../daq24b512k_bsp/microblaze_0/include -mlittle-endian -mxl-barrel-shift -mxl-pattern-compare -mno-xl-soft-div -mcpu=v10.0 -mno-xl-soft-mul -mxl-multiply-high -mhard-float -Wl,--no-relax -ffunction-sections -fdata-sections -MMD -MP -MF"src/main.d" -MT"src/main.o" -o "src/main.o" "../src/main.cc"
../src/main.cc: In function 'void initSDFAT()':
../src/main.cc:133:6: warning: unused variable 'l' [-Wunused-variable]
  int l = f_puts("hello xilffs!\r\n", &fil);
      ^
../src/main.cc: In function 'void tskMaster(void*)':
../src/main.cc:201:15: error: 'file' was not declared in this scope
    writeFile(&file[ch], &chunkSize, 4);
               ^~~~
../src/main.cc:201:15: note: suggested alternative: 'fil'
    writeFile(&file[ch], &chunkSize, 4);
               ^~~~
               fil
../src/main.cc:201:20: error: 'ch' was not declared in this scope
    writeFile(&file[ch], &chunkSize, 4);
                    ^~
../src/main.cc:201:26: error: 'chunkSize' was not declared in this scope
    writeFile(&file[ch], &chunkSize, 4);
                          ^~~~~~~~~
../src/main.cc:201:4: error: 'writeFile' was not declared in this scope
    writeFile(&file[ch], &chunkSize, 4);
    ^~~~~~~~~
../src/main.cc:203:26: error: 'dataSize' was not declared in this scope
    writeFile(&file[ch], &dataSize, 4);
                          ^~~~~~~~
../src/main.cc:203:26: note: suggested alternative: 'dateTime'
    writeFile(&file[ch], &dataSize, 4);
                          ^~~~~~~~
                          dateTime
../src/main.cc:204:23: error: 'f_size' was not declared in this scope
    f_lseek(&file[ch], f_size(&file[ch]));
                       ^~~~~~
../src/main.cc:204:23: note: suggested alternative: 'f_utime'
    f_lseek(&file[ch], f_size(&file[ch]));
                       ^~~~~~
                       f_utime
src/subdir.mk:21: recipe for target 'src/main.o' failed
make: *** [src/main.o] Error 1
19:31:12 **** Auto Build of configuration Debug for project daq24b512k ****
make all 
Building file: ../src/main.cc
Invoking: MicroBlaze g++ compiler
mb-g++ -Wall -O0 -g3 -c -fmessage-length=0 -MT"src/main.o" -I../../daq24b512k_bsp/microblaze_0/include -mlittle-endian -mxl-barrel-shift -mxl-pattern-compare -mno-xl-soft-div -mcpu=v10.0 -mno-xl-soft-mul -mxl-multiply-high -mhard-float -Wl,--no-relax -ffunction-sections -fdata-sections -MMD -MP -MF"src/main.d" -MT"src/main.o" -o "src/main.o" "../src/main.cc"
../src/main.cc: In function 'void initSDFAT()':
../src/main.cc:133:6: warning: unused variable 'l' [-Wunused-variable]
  int l = f_puts("hello xilffs!\r\n", &fil);
      ^
../src/main.cc: In function 'void tskMaster(void*)':
../src/main.cc:201:19: error: 'chunkSize' was not declared in this scope
    f_write(&fil, &chunkSize, 4);
                   ^~~~~~~~~
../src/main.cc:202:13: error: 'file' was not declared in this scope
    f_lseek(&file[ch], (int)&(((MonoWavHeader *)0)->Subchunk2Size));
             ^~~~
../src/main.cc:202:13: note: suggested alternative: 'fil'
    f_lseek(&file[ch], (int)&(((MonoWavHeader *)0)->Subchunk2Size));
             ^~~~
             fil
../src/main.cc:202:18: error: 'ch' was not declared in this scope
    f_lseek(&file[ch], (int)&(((MonoWavHeader *)0)->Subchunk2Size));
                  ^~
../src/main.cc:203:26: error: 'dataSize' was not declared in this scope
    writeFile(&file[ch], &dataSize, 4);
                          ^~~~~~~~
../src/main.cc:203:26: note: suggested alternative: 'dateTime'
    writeFile(&file[ch], &dataSize, 4);
                          ^~~~~~~~
                          dateTime
../src/main.cc:203:4: error: 'writeFile' was not declared in this scope
    writeFile(&file[ch], &dataSize, 4);
    ^~~~~~~~~
../src/main.cc:204:23: error: 'f_size' was not declared in this scope
    f_lseek(&file[ch], f_size(&file[ch]));
                       ^~~~~~
../src/main.cc:204:23: note: suggested alternative: 'f_utime'
    f_lseek(&file[ch], f_size(&file[ch]));
                       ^~~~~~
                       f_utime
src/subdir.mk:21: recipe for target 'src/main.o' failed
make: *** [src/main.o] Error 1
19:31:30 **** Auto Build of configuration Debug for project daq24b512k ****
make all 
Building file: ../src/main.cc
Invoking: MicroBlaze g++ compiler
mb-g++ -Wall -O0 -g3 -c -fmessage-length=0 -MT"src/main.o" -I../../daq24b512k_bsp/microblaze_0/include -mlittle-endian -mxl-barrel-shift -mxl-pattern-compare -mno-xl-soft-div -mcpu=v10.0 -mno-xl-soft-mul -mxl-multiply-high -mhard-float -Wl,--no-relax -ffunction-sections -fdata-sections -MMD -MP -MF"src/main.d" -MT"src/main.o" -o "src/main.o" "../src/main.cc"
../src/main.cc: In function 'void initSDFAT()':
../src/main.cc:133:6: warning: unused variable 'l' [-Wunused-variable]
  int l = f_puts("hello xilffs!\r\n", &fil);
      ^
../src/main.cc: In function 'void tskMaster(void*)':
../src/main.cc:201:19: error: 'chunkSize' was not declared in this scope
    f_write(&fil, &chunkSize, 4);
                   ^~~~~~~~~
../src/main.cc:203:19: error: 'dataSize' was not declared in this scope
    f_write(&fil, &dataSize, 4);
                   ^~~~~~~~
../src/main.cc:203:19: note: suggested alternative: 'dateTime'
    f_write(&fil, &dataSize, 4);
                   ^~~~~~~~
                   dateTime
../src/main.cc:204:13: error: 'file' was not declared in this scope
    f_lseek(&file[ch], f_size(&file[ch]));
             ^~~~
../src/main.cc:204:13: note: suggested alternative: 'fil'
    f_lseek(&file[ch], f_size(&file[ch]));
             ^~~~
             fil
../src/main.cc:204:18: error: 'ch' was not declared in this scope
    f_lseek(&file[ch], f_size(&file[ch]));
                  ^~
../src/main.cc:204:23: error: 'f_size' was not declared in this scope
    f_lseek(&file[ch], f_size(&file[ch]));
                       ^~~~~~
../src/main.cc:204:23: note: suggested alternative: 'f_utime'
    f_lseek(&file[ch], f_size(&file[ch]));
                       ^~~~~~
                       f_utime
make: *** [src/main.o] Error 1
src/subdir.mk:21: recipe for target 'src/main.o' failed
19:31:40 **** Auto Build of configuration Debug for project daq24b512k ****
make all 
Building file: ../src/main.cc
Invoking: MicroBlaze g++ compiler
mb-g++ -Wall -O0 -g3 -c -fmessage-length=0 -MT"src/main.o" -I../../daq24b512k_bsp/microblaze_0/include -mlittle-endian -mxl-barrel-shift -mxl-pattern-compare -mno-xl-soft-div -mcpu=v10.0 -mno-xl-soft-mul -mxl-multiply-high -mhard-float -Wl,--no-relax -ffunction-sections -fdata-sections -MMD -MP -MF"src/main.d" -MT"src/main.o" -o "src/main.o" "../src/main.cc"
../src/main.cc: In function 'void initSDFAT()':
../src/main.cc:133:6: warning: unused variable 'l' [-Wunused-variable]
  int l = f_puts("hello xilffs!\r\n", &fil);
      ^
../src/main.cc: In function 'void tskMaster(void*)':
../src/main.cc:201:19: error: 'chunkSize' was not declared in this scope
    f_write(&fil, &chunkSize, 4);
                   ^~~~~~~~~
../src/main.cc:203:19: error: 'dataSize' was not declared in this scope
    f_write(&fil, &dataSize, 4);
                   ^~~~~~~~
../src/main.cc:203:19: note: suggested alternative: 'dateTime'
    f_write(&fil, &dataSize, 4);
                   ^~~~~~~~
                   dateTime
../src/main.cc:204:18: error: 'f_size' was not declared in this scope
    f_lseek(&fil, f_size(&fil));
                  ^~~~~~
../src/main.cc:204:18: note: suggested alternative: 'f_utime'
    f_lseek(&fil, f_size(&fil));
                  ^~~~~~
                  f_utime
../src/main.cc:205:12: error: 'file' was not declared in this scope
    f_sync(&file[ch]);
            ^~~~
../src/main.cc:205:12: note: suggested alternative: 'fil'
    f_sync(&file[ch]);
            ^~~~
            fil
../src/main.cc:205:17: error: 'ch' was not declared in this scope
    f_sync(&file[ch]);
                 ^~
make: *** [src/main.o] Error 1
src/subdir.mk:21: recipe for target 'src/main.o' failed
19:31:44 **** Auto Build of configuration Debug for project daq24b512k ****
make all 
Building file: ../src/main.cc
Invoking: MicroBlaze g++ compiler
mb-g++ -Wall -O0 -g3 -c -fmessage-length=0 -MT"src/main.o" -I../../daq24b512k_bsp/microblaze_0/include -mlittle-endian -mxl-barrel-shift -mxl-pattern-compare -mno-xl-soft-div -mcpu=v10.0 -mno-xl-soft-mul -mxl-multiply-high -mhard-float -Wl,--no-relax -ffunction-sections -fdata-sections -MMD -MP -MF"src/main.d" -MT"src/main.o" -o "src/main.o" "../src/main.cc"
../src/main.cc: In function 'void initSDFAT()':
../src/main.cc:133:6: warning: unused variable 'l' [-Wunused-variable]
  int l = f_puts("hello xilffs!\r\n", &fil);
      ^
../src/main.cc: In function 'void tskMaster(void*)':
../src/main.cc:201:19: error: 'chunkSize' was not declared in this scope
    f_write(&fil, &chunkSize, 4);
                   ^~~~~~~~~
../src/main.cc:203:19: error: 'dataSize' was not declared in this scope
    f_write(&fil, &dataSize, 4);
                   ^~~~~~~~
../src/main.cc:203:19: note: suggested alternative: 'dateTime'
    f_write(&fil, &dataSize, 4);
                   ^~~~~~~~
                   dateTime
../src/main.cc:204:18: error: 'f_size' was not declared in this scope
    f_lseek(&fil, f_size(&fil));
                  ^~~~~~
../src/main.cc:204:18: note: suggested alternative: 'f_utime'
    f_lseek(&fil, f_size(&fil));
                  ^~~~~~
                  f_utime
../src/main.cc:205:16: error: 'ch' was not declared in this scope
    f_sync(&fil[ch]);
                ^~
make: *** [src/main.o] Error 1
src/subdir.mk:21: recipe for target 'src/main.o' failed
19:33:15 **** Auto Build of configuration Debug for project daq24b512k ****
make all 
Building file: ../src/main.cc
Invoking: MicroBlaze g++ compiler
mb-g++ -Wall -O0 -g3 -c -fmessage-length=0 -MT"src/main.o" -I../../daq24b512k_bsp/microblaze_0/include -mlittle-endian -mxl-barrel-shift -mxl-pattern-compare -mno-xl-soft-div -mcpu=v10.0 -mno-xl-soft-mul -mxl-multiply-high -mhard-float -Wl,--no-relax -ffunction-sections -fdata-sections -MMD -MP -MF"src/main.d" -MT"src/main.o" -o "src/main.o" "../src/main.cc"
../src/main.cc: In function 'void initSDFAT()':
../src/main.cc:133:6: warning: unused variable 'l' [-Wunused-variable]
  int l = f_puts("hello xilffs!\r\n", &fil);
      ^
../src/main.cc: In function 'void tskMaster(void*)':
../src/main.cc:203:31: error: too few arguments to function 'FRESULT f_write(FIL*, const void*, UINT, UINT*)'
    f_write(&fil, &chunkSize, 4);
                               ^
In file included from ../src/main.cc:20:0:
../src/xilffs/ff.h:224:9: note: declared here
 FRESULT f_write (FIL* fp, const void* buff, UINT btw, UINT* bw); /* Write data to a file */
         ^~~~~~~
../src/main.cc:205:30: error: too few arguments to function 'FRESULT f_write(FIL*, const void*, UINT, UINT*)'
    f_write(&fil, &dataSize, 4);
                              ^
In file included from ../src/main.cc:20:0:
../src/xilffs/ff.h:224:9: note: declared here
 FRESULT f_write (FIL* fp, const void* buff, UINT btw, UINT* bw); /* Write data to a file */
         ^~~~~~~
../src/main.cc:206:18: error: 'f_size' was not declared in this scope
    f_lseek(&fil, f_size(&fil));
                  ^~~~~~
../src/main.cc:206:18: note: suggested alternative: 'f_utime'
    f_lseek(&fil, f_size(&fil));
                  ^~~~~~
                  f_utime
../src/main.cc:207:16: error: 'ch' was not declared in this scope
    f_sync(&fil[ch]);
                ^~
make: *** [src/main.o] Error 1
src/subdir.mk:21: recipe for target 'src/main.o' failed
19:34:44 **** Auto Build of configuration Debug for project daq24b512k ****
make all 
Building file: ../src/main.cc
Invoking: MicroBlaze g++ compiler
mb-g++ -Wall -O0 -g3 -c -fmessage-length=0 -MT"src/main.o" -I../../daq24b512k_bsp/microblaze_0/include -mlittle-endian -mxl-barrel-shift -mxl-pattern-compare -mno-xl-soft-div -mcpu=v10.0 -mno-xl-soft-mul -mxl-multiply-high -mhard-float -Wl,--no-relax -ffunction-sections -fdata-sections -MMD -MP -MF"src/main.d" -MT"src/main.o" -o "src/main.o" "../src/main.cc"
../src/main.cc: In function 'void initSDFAT()':
../src/main.cc:133:6: warning: unused variable 'l' [-Wunused-variable]
  int l = f_puts("hello xilffs!\r\n", &fil);
      ^
../src/main.cc: In function 'void tskMaster(void*)':
../src/main.cc:204:31: error: too few arguments to function 'FRESULT f_write(FIL*, const void*, UINT, UINT*)'
    f_write(&fil, &chunkSize, 4);
                               ^
In file included from ../src/main.cc:20:0:
../src/xilffs/ff.h:224:9: note: declared here
 FRESULT f_write (FIL* fp, const void* buff, UINT btw, UINT* bw); /* Write data to a file */
         ^~~~~~~
../src/main.cc:206:30: error: too few arguments to function 'FRESULT f_write(FIL*, const void*, UINT, UINT*)'
    f_write(&fil, &dataSize, 4);
                              ^
In file included from ../src/main.cc:20:0:
../src/xilffs/ff.h:224:9: note: declared here
 FRESULT f_write (FIL* fp, const void* buff, UINT btw, UINT* bw); /* Write data to a file */
         ^~~~~~~
../src/main.cc:207:18: error: 'f_size' was not declared in this scope
    f_lseek(&fil, f_size(&fil));
                  ^~~~~~
../src/main.cc:207:18: note: suggested alternative: 'f_utime'
    f_lseek(&fil, f_size(&fil));
                  ^~~~~~
                  f_utime
../src/main.cc:208:16: error: 'ch' was not declared in this scope
    f_sync(&fil[ch]);
                ^~
make: *** [src/main.o] Error 1
src/subdir.mk:21: recipe for target 'src/main.o' failed
19:35:00 **** Auto Build of configuration Debug for project daq24b512k ****
make all 
Building file: ../src/main.cc
Invoking: MicroBlaze g++ compiler
mb-g++ -Wall -O0 -g3 -c -fmessage-length=0 -MT"src/main.o" -I../../daq24b512k_bsp/microblaze_0/include -mlittle-endian -mxl-barrel-shift -mxl-pattern-compare -mno-xl-soft-div -mcpu=v10.0 -mno-xl-soft-mul -mxl-multiply-high -mhard-float -Wl,--no-relax -ffunction-sections -fdata-sections -MMD -MP -MF"src/main.d" -MT"src/main.o" -o "src/main.o" "../src/main.cc"
../src/main.cc: In function 'void initSDFAT()':
../src/main.cc:133:6: warning: unused variable 'l' [-Wunused-variable]
  int l = f_puts("hello xilffs!\r\n", &fil);
      ^
../src/main.cc: In function 'void tskMaster(void*)':
../src/main.cc:203:19: error: 'chunkSize' was not declared in this scope
    f_write(&fil, &chunkSize, 4);
                   ^~~~~~~~~
../src/main.cc:205:30: error: too few arguments to function 'FRESULT f_write(FIL*, const void*, UINT, UINT*)'
    f_write(&fil, &dataSize, 4);
                              ^
In file included from ../src/main.cc:20:0:
../src/xilffs/ff.h:224:9: note: declared here
 FRESULT f_write (FIL* fp, const void* buff, UINT btw, UINT* bw); /* Write data to a file */
         ^~~~~~~
../src/main.cc:206:18: error: 'f_size' was not declared in this scope
    f_lseek(&fil, f_size(&fil));
                  ^~~~~~
../src/main.cc:206:18: note: suggested alternative: 'f_utime'
    f_lseek(&fil, f_size(&fil));
                  ^~~~~~
                  f_utime
../src/main.cc:207:16: error: 'ch' was not declared in this scope
    f_sync(&fil[ch]);
                ^~
src/subdir.mk:21: recipe for target 'src/main.o' failed
make: *** [src/main.o] Error 1
19:35:15 **** Auto Build of configuration Debug for project daq24b512k ****
make all 
Building file: ../src/main.cc
Invoking: MicroBlaze g++ compiler
mb-g++ -Wall -O0 -g3 -c -fmessage-length=0 -MT"src/main.o" -I../../daq24b512k_bsp/microblaze_0/include -mlittle-endian -mxl-barrel-shift -mxl-pattern-compare -mno-xl-soft-div -mcpu=v10.0 -mno-xl-soft-mul -mxl-multiply-high -mhard-float -Wl,--no-relax -ffunction-sections -fdata-sections -MMD -MP -MF"src/main.d" -MT"src/main.o" -o "src/main.o" "../src/main.cc"
../src/main.cc: In function 'void initSDFAT()':
../src/main.cc:133:6: warning: unused variable 'l' [-Wunused-variable]
  int l = f_puts("hello xilffs!\r\n", &fil);
      ^
../src/main.cc: In function 'void tskMaster(void*)':
../src/main.cc:204:31: error: too few arguments to function 'FRESULT f_write(FIL*, const void*, UINT, UINT*)'
    f_write(&fil, &chunkSize, 4);
                               ^
In file included from ../src/main.cc:20:0:
../src/xilffs/ff.h:224:9: note: declared here
 FRESULT f_write (FIL* fp, const void* buff, UINT btw, UINT* bw); /* Write data to a file */
         ^~~~~~~
../src/main.cc:206:30: error: too few arguments to function 'FRESULT f_write(FIL*, const void*, UINT, UINT*)'
    f_write(&fil, &dataSize, 4);
                              ^
In file included from ../src/main.cc:20:0:
../src/xilffs/ff.h:224:9: note: declared here
 FRESULT f_write (FIL* fp, const void* buff, UINT btw, UINT* bw); /* Write data to a file */
         ^~~~~~~
../src/main.cc:207:18: error: 'f_size' was not declared in this scope
    f_lseek(&fil, f_size(&fil));
                  ^~~~~~
../src/main.cc:207:18: note: suggested alternative: 'f_utime'
    f_lseek(&fil, f_size(&fil));
                  ^~~~~~
                  f_utime
../src/main.cc:208:16: error: 'ch' was not declared in this scope
    f_sync(&fil[ch]);
                ^~
src/subdir.mk:21: recipe for target 'src/main.o' failed
make: *** [src/main.o] Error 1
19:35:29 **** Auto Build of configuration Debug for project daq24b512k ****
make all 
Building file: ../src/main.cc
Invoking: MicroBlaze g++ compiler
mb-g++ -Wall -O0 -g3 -c -fmessage-length=0 -MT"src/main.o" -I../../daq24b512k_bsp/microblaze_0/include -mlittle-endian -mxl-barrel-shift -mxl-pattern-compare -mno-xl-soft-div -mcpu=v10.0 -mno-xl-soft-mul -mxl-multiply-high -mhard-float -Wl,--no-relax -ffunction-sections -fdata-sections -MMD -MP -MF"src/main.d" -MT"src/main.o" -o "src/main.o" "../src/main.cc"
../src/main.cc: In function 'void initSDFAT()':
../src/main.cc:133:6: warning: unused variable 'l' [-Wunused-variable]
  int l = f_puts("hello xilffs!\r\n", &fil);
      ^
../src/main.cc: In function 'void tskMaster(void*)':
../src/main.cc:205:31: error: too few arguments to function 'FRESULT f_write(FIL*, const void*, UINT, UINT*)'
    f_write(&fil, &chunkSize, 4);
                               ^
In file included from ../src/main.cc:20:0:
../src/xilffs/ff.h:224:9: note: declared here
 FRESULT f_write (FIL* fp, const void* buff, UINT btw, UINT* bw); /* Write data to a file */
         ^~~~~~~
../src/main.cc:207:30: error: too few arguments to function 'FRESULT f_write(FIL*, const void*, UINT, UINT*)'
    f_write(&fil, &dataSize, 4);
                              ^
In file included from ../src/main.cc:20:0:
../src/xilffs/ff.h:224:9: note: declared here
 FRESULT f_write (FIL* fp, const void* buff, UINT btw, UINT* bw); /* Write data to a file */
         ^~~~~~~
../src/main.cc:208:18: error: 'f_size' was not declared in this scope
    f_lseek(&fil, f_size(&fil));
                  ^~~~~~
../src/main.cc:208:18: note: suggested alternative: 'f_utime'
    f_lseek(&fil, f_size(&fil));
                  ^~~~~~
                  f_utime
../src/main.cc:209:16: error: 'ch' was not declared in this scope
    f_sync(&fil[ch]);
                ^~
make: *** [src/main.o] Error 1
src/subdir.mk:21: recipe for target 'src/main.o' failed
19:36:09 **** Auto Build of configuration Debug for project daq24b512k ****
make all 
Building file: ../src/main.cc
Invoking: MicroBlaze g++ compiler
mb-g++ -Wall -O0 -g3 -c -fmessage-length=0 -MT"src/main.o" -I../../daq24b512k_bsp/microblaze_0/include -mlittle-endian -mxl-barrel-shift -mxl-pattern-compare -mno-xl-soft-div -mcpu=v10.0 -mno-xl-soft-mul -mxl-multiply-high -mhard-float -Wl,--no-relax -ffunction-sections -fdata-sections -MMD -MP -MF"src/main.d" -MT"src/main.o" -o "src/main.o" "../src/main.cc"
../src/main.cc: In function 'void initSDFAT()':
../src/main.cc:133:6: warning: unused variable 'l' [-Wunused-variable]
  int l = f_puts("hello xilffs!\r\n", &fil);
      ^
../src/main.cc: In function 'void tskMaster(void*)':
../src/main.cc:207:30: error: too few arguments to function 'FRESULT f_write(FIL*, const void*, UINT, UINT*)'
    f_write(&fil, &dataSize, 4);
                              ^
In file included from ../src/main.cc:20:0:
../src/xilffs/ff.h:224:9: note: declared here
 FRESULT f_write (FIL* fp, const void* buff, UINT btw, UINT* bw); /* Write data to a file */
         ^~~~~~~
../src/main.cc:208:18: error: 'f_size' was not declared in this scope
    f_lseek(&fil, f_size(&fil));
                  ^~~~~~
../src/main.cc:208:18: note: suggested alternative: 'f_utime'
    f_lseek(&fil, f_size(&fil));
                  ^~~~~~
                  f_utime
../src/main.cc:209:16: error: 'ch' was not declared in this scope
    f_sync(&fil[ch]);
                ^~
make: *** [src/main.o] Error 1
src/subdir.mk:21: recipe for target 'src/main.o' failed
19:36:18 **** Auto Build of configuration Debug for project daq24b512k ****
make all 
Building file: ../src/main.cc
Invoking: MicroBlaze g++ compiler
mb-g++ -Wall -O0 -g3 -c -fmessage-length=0 -MT"src/main.o" -I../../daq24b512k_bsp/microblaze_0/include -mlittle-endian -mxl-barrel-shift -mxl-pattern-compare -mno-xl-soft-div -mcpu=v10.0 -mno-xl-soft-mul -mxl-multiply-high -mhard-float -Wl,--no-relax -ffunction-sections -fdata-sections -MMD -MP -MF"src/main.d" -MT"src/main.o" -o "src/main.o" "../src/main.cc"
../src/main.cc: In function 'void initSDFAT()':
../src/main.cc:133:6: warning: unused variable 'l' [-Wunused-variable]
  int l = f_puts("hello xilffs!\r\n", &fil);
      ^
../src/main.cc: In function 'void tskMaster(void*)':
../src/main.cc:208:18: error: 'f_size' was not declared in this scope
    f_lseek(&fil, f_size(&fil));
                  ^~~~~~
../src/main.cc:208:18: note: suggested alternative: 'f_utime'
    f_lseek(&fil, f_size(&fil));
                  ^~~~~~
                  f_utime
../src/main.cc:209:16: error: 'ch' was not declared in this scope
    f_sync(&fil[ch]);
                ^~
src/subdir.mk:21: recipe for target 'src/main.o' failed
make: *** [src/main.o] Error 1
19:39:58 **** Auto Build of configuration Debug for project daq24b512k ****
make all 
Building file: ../src/main.cc
Invoking: MicroBlaze g++ compiler
mb-g++ -Wall -O0 -g3 -c -fmessage-length=0 -MT"src/main.o" -I../../daq24b512k_bsp/microblaze_0/include -mlittle-endian -mxl-barrel-shift -mxl-pattern-compare -mno-xl-soft-div -mcpu=v10.0 -mno-xl-soft-mul -mxl-multiply-high -mhard-float -Wl,--no-relax -ffunction-sections -fdata-sections -MMD -MP -MF"src/main.d" -MT"src/main.o" -o "src/main.o" "../src/main.cc"
../src/main.cc: In function 'void initSDFAT()':
../src/main.cc:133:6: warning: unused variable 'l' [-Wunused-variable]
  int l = f_puts("hello xilffs!\r\n", &fil);
      ^
../src/main.cc: In function 'void tskMaster(void*)':
../src/main.cc:209:16: error: 'ch' was not declared in this scope
    f_sync(&fil[ch]);
                ^~
src/subdir.mk:21: recipe for target 'src/main.o' failed
make: *** [src/main.o] Error 1
19:40:07 **** Auto Build of configuration Debug for project daq24b512k ****
make all 
Building file: ../src/main.cc
Invoking: MicroBlaze g++ compiler
[...]
../src/main.cc: In function 'void tskMaster(void*)':
../src/main.cc:199:7: warning: variable 'chunkSize' set but not used [-Wunused-but-set-variable]
   u32 chunkSize;
       ^~~~~~~~~
Finished building: ../src/main.cc
 
Building target: daq24b512kca.elf
Invoking: MicroBlaze g++ linker
mb-g++ -Wl,-T -Wl,../src/lscript.ld -L../../daq24b512kca_bsp/microblaze_0/lib -mlittle-endian -mxl-barrel-shift -mxl-pattern-compare -mno-xl-soft-div -mcpu=v10.0 -mno-xl-soft-mul -mxl-multiply-high -mhard-float -Wl,--no-relax -Wl,--gc-sections -o "daq24b512kca.elf"  ./src/xilffs/cc932.o ./src/xilffs/diskio.o ./src/xilffs/ff.o  ./src/sdc_ctrl/mmc.o ./src/sdc_ctrl/ocsdc.o  ./src/MiniDmaFifo2Mem/MiniDmaFifo2Mem.o  ./src/IicMaster/IicMaster.o  ./src/main.o   -Wl,--start-group,-lxil,-lfreertos,-lgcc,-lc,-lstdc++,--end-group
Finished building target: daq24b512kca.elf
 
Invoking: MicroBlaze Print Size
mb-size daq24b512kca.elf  |tee "daq24b512kca.elf.size"
   text	   data	    bss	    dec	    hex	filename
 205064	  51988	  69864	 326916	  4fd04	daq24b512kca.elf
Finished building: daq24b512kca.elf.size
 
18:54:35 **** Clean-only build of configuration Debug for project daq24b512kca ****
make clean 
rm -rf  ./src/MiniDmaFifo2Mem/MiniDmaFifo2Mem.d  ./src/IicMaster/IicMaster.d  ./src/main.d  ./src/xilffs/cc932.o ./src/xilffs/diskio.o ./src/xilffs/ff.o  ./src/sdc_ctrl/mmc.o ./src/sdc_ctrl/ocsdc.o  ./src/MiniDmaFifo2Mem/MiniDmaFifo2Mem.o  ./src/IicMaster/IicMaster.o  ./src/main.o  ./src/xilffs/cc932.d ./src/xilffs/diskio.d ./src/xilffs/ff.d  ./src/sdc_ctrl/mmc.d ./src/sdc_ctrl/ocsdc.d  daq24b512kca.elf.size  daq24b512kca.elf
 
18:54:35 **** Auto Build of configuration Debug for project daq24b512kca ****
make all 
Building file: ../src/xilffs/cc932.c
Invoking: MicroBlaze g++ compiler
mb-g++ -Wall -O0 -g3 -c -fmessage-length=0 -MT"src/xilffs/cc932.o" -I../../daq24b512kca_bsp/microblaze_0/include -mlittle-endian -mxl-barrel-shift -mxl-pattern-compare -mno-xl-soft-div -mcpu=v10.0 -mno-xl-soft-mul -mxl-multiply-high -mhard-float -Wl,--no-relax -ffunction-sections -fdata-sections -MMD -MP -MF"src/xilffs/cc932.d" -MT"src/xilffs/cc932.o" -o "src/xilffs/cc932.o" "../src/xilffs/cc932.c"
Finished building: ../src/xilffs/cc932.c
 
Building file: ../src/xilffs/diskio.c
Invoking: MicroBlaze g++ compiler
mb-g++ -Wall -O0 -g3 -c -fmessage-length=0 -MT"src/xilffs/diskio.o" -I../../daq24b512kca_bsp/microblaze_0/include -mlittle-endian -mxl-barrel-shift -mxl-pattern-compare -mno-xl-soft-div -mcpu=v10.0 -mno-xl-soft-mul -mxl-multiply-high -mhard-float -Wl,--no-relax -ffunction-sections -fdata-sections -MMD -MP -MF"src/xilffs/diskio.d" -MT"src/xilffs/diskio.o" -o "src/xilffs/diskio.o" "../src/xilffs/diskio.c"
../src/xilffs/diskio.c: In function 'DRESULT disk_write(BYTE, const BYTE*, DWORD, UINT)':
../src/xilffs/diskio.c:440:6: warning: unused variable 'Status' [-Wunused-variable]
  s32 Status;
      ^~~~~~
../src/xilffs/diskio.c: At global scope:
../src/xilffs/diskio.c:150:11: warning: 'ExtCsd' defined but not used [-Wunused-variable]
 static u8 ExtCsd[512] __attribute__ ((aligned(32)));
           ^~~~~~
Finished building: ../src/xilffs/diskio.c
 
Building file: ../src/xilffs/ff.c
Invoking: MicroBlaze g++ compiler
mb-g++ -Wall -O0 -g3 -c -fmessage-length=0 -MT"src/xilffs/ff.o" -I../../daq24b512kca_bsp/microblaze_0/include -mlittle-endian -mxl-barrel-shift -mxl-pattern-compare -mno-xl-soft-div -mcpu=v10.0 -mno-xl-soft-mul -mxl-multiply-high -mhard-float -Wl,--no-relax -ffunction-sections -fdata-sections -MMD -MP -MF"src/xilffs/ff.d" -MT"src/xilffs/ff.o" -o "src/xilffs/ff.o" "../src/xilffs/ff.c"
Finished building: ../src/xilffs/ff.c
 
Building file: ../src/sdc_ctrl/mmc.c
Invoking: MicroBlaze g++ compiler
mb-g++ -Wall -O0 -g3 -c -fmessage-length=0 -MT"src/sdc_ctrl/mmc.o" -I../../daq24b512kca_bsp/microblaze_0/include -mlittle-endian -mxl-barrel-shift -mxl-pattern-compare -mno-xl-soft-div -mcpu=v10.0 -mno-xl-soft-mul -mxl-multiply-high -mhard-float -Wl,--no-relax -ffunction-sections -fdata-sections -MMD -MP -MF"src/sdc_ctrl/mmc.d" -MT"src/sdc_ctrl/mmc.o" -o "src/sdc_ctrl/mmc.o" "../src/sdc_ctrl/mmc.c"
../src/sdc_ctrl/mmc.c: In function 'int mmc_init(mmc*)':
../src/sdc_ctrl/mmc.c:901:25: warning: format '%x' expects argument of type 'unsigned int', but argument 2 has type 'u32 {aka long unsigned int}' [-Wformat=]
  printf("%x\n", (u32)mmc);
                 ~~~~~~~~^
Finished building: ../src/sdc_ctrl/mmc.c
 
Building file: ../src/sdc_ctrl/ocsdc.c
Invoking: MicroBlaze g++ compiler
mb-g++ -Wall -O0 -g3 -c -fmessage-length=0 -MT"src/sdc_ctrl/ocsdc.o" -I../../daq24b512kca_bsp/microblaze_0/include -mlittle-endian -mxl-barrel-shift -mxl-pattern-compare -mno-xl-soft-div -mcpu=v10.0 -mno-xl-soft-mul -mxl-multiply-high -mhard-float -Wl,--no-relax -ffunction-sections -fdata-sections -MMD -MP -MF"src/sdc_ctrl/ocsdc.d" -MT"src/sdc_ctrl/ocsdc.o" -o "src/sdc_ctrl/ocsdc.o" "../src/sdc_ctrl/ocsdc.c"
Finished building: ../src/sdc_ctrl/ocsdc.c
 
Building file: ../src/MiniDmaFifo2Mem/MiniDmaFifo2Mem.cc
Invoking: MicroBlaze g++ compiler
mb-g++ -Wall -O0 -g3 -c -fmessage-length=0 -MT"src/MiniDmaFifo2Mem/MiniDmaFifo2Mem.o" -I../../daq24b512kca_bsp/microblaze_0/include -mlittle-endian -mxl-barrel-shift -mxl-pattern-compare -mno-xl-soft-div -mcpu=v10.0 -mno-xl-soft-mul -mxl-multiply-high -mhard-float -Wl,--no-relax -ffunction-sections -fdata-sections -MMD -MP -MF"src/MiniDmaFifo2Mem/MiniDmaFifo2Mem.d" -MT"src/MiniDmaFifo2Mem/MiniDmaFifo2Mem.o" -o "src/MiniDmaFifo2Mem/MiniDmaFifo2Mem.o" "../src/MiniDmaFifo2Mem/MiniDmaFifo2Mem.cc"
Finished building: ../src/MiniDmaFifo2Mem/MiniDmaFifo2Mem.cc
 
Building file: ../src/IicMaster/IicMaster.cc
Invoking: MicroBlaze g++ compiler
mb-g++ -Wall -O0 -g3 -c -fmessage-length=0 -MT"src/IicMaster/IicMaster.o" -I../../daq24b512kca_bsp/microblaze_0/include -mlittle-endian -mxl-barrel-shift -mxl-pattern-compare -mno-xl-soft-div -mcpu=v10.0 -mno-xl-soft-mul -mxl-multiply-high -mhard-float -Wl,--no-relax -ffunction-sections -fdata-sections -MMD -MP -MF"src/IicMaster/IicMaster.d" -MT"src/IicMaster/IicMaster.o" -o "src/IicMaster/IicMaster.o" "../src/IicMaster/IicMaster.cc"
Finished building: ../src/IicMaster/IicMaster.cc
 
Building file: ../src/main.cc
Invoking: MicroBlaze g++ compiler
mb-g++ -Wall -O0 -g3 -c -fmessage-length=0 -MT"src/main.o" -I../../daq24b512kca_bsp/microblaze_0/include -mlittle-endian -mxl-barrel-shift -mxl-pattern-compare -mno-xl-soft-div -mcpu=v10.0 -mno-xl-soft-mul -mxl-multiply-high -mhard-float -Wl,--no-relax -ffunction-sections -fdata-sections -MMD -MP -MF"src/main.d" -MT"src/main.o" -o "src/main.o" "../src/main.cc"
../src/main.cc: In function 'void initSDFAT()':
../src/main.cc:147:6: warning: unused variable 'l' [-Wunused-variable]
  int l = f_puts("hello xilffs!\r\n", &fil);
      ^
../src/main.cc: In function 'void tskMaster(void*)':
../src/main.cc:199:7: warning: variable 'chunkSize' set but not used [-Wunused-but-set-variable]
   u32 chunkSize;
       ^~~~~~~~~
Finished building: ../src/main.cc
 
Building target: daq24b512kca.elf
Invoking: MicroBlaze g++ linker
mb-g++ -Wl,-T -Wl,../src/lscript.ld -L../../daq24b512kca_bsp/microblaze_0/lib -mlittle-endian -mxl-barrel-shift -mxl-pattern-compare -mno-xl-soft-div -mcpu=v10.0 -mno-xl-soft-mul -mxl-multiply-high -mhard-float -Wl,--no-relax -Wl,--gc-sections -o "daq24b512kca.elf"  ./src/xilffs/cc932.o ./src/xilffs/diskio.o ./src/xilffs/ff.o  ./src/sdc_ctrl/mmc.o ./src/sdc_ctrl/ocsdc.o  ./src/MiniDmaFifo2Mem/MiniDmaFifo2Mem.o  ./src/IicMaster/IicMaster.o  ./src/main.o   -Wl,--start-group,-lxil,-lfreertos,-lgcc,-lc,-lstdc++,--end-group
Finished building target: daq24b512kca.elf
 
Invoking: MicroBlaze Print Size
mb-size daq24b512kca.elf  |tee "daq24b512kca.elf.size"
   text	   data	    bss	    dec	    hex	filename
 205064	  51988	1131752	1388804	 153104	daq24b512kca.elf
Finished building: daq24b512kca.elf.size
 
18:54:52 **** Clean-only build of configuration Debug for project daq24b512kca ****
make clean 
rm -rf  ./src/MiniDmaFifo2Mem/MiniDmaFifo2Mem.d  ./src/IicMaster/IicMaster.d  ./src/main.d  ./src/xilffs/cc932.o ./src/xilffs/diskio.o ./src/xilffs/ff.o  ./src/sdc_ctrl/mmc.o ./src/sdc_ctrl/ocsdc.o  ./src/MiniDmaFifo2Mem/MiniDmaFifo2Mem.o  ./src/IicMaster/IicMaster.o  ./src/main.o  ./src/xilffs/cc932.d ./src/xilffs/diskio.d ./src/xilffs/ff.d  ./src/sdc_ctrl/mmc.d ./src/sdc_ctrl/ocsdc.d  daq24b512kca.elf.size  daq24b512kca.elf
 
18:54:52 **** Auto Build of configuration Debug for project daq24b512kca ****
make all 
Building file: ../src/xilffs/cc932.c
Invoking: MicroBlaze g++ compiler
mb-g++ -Wall -O0 -g3 -c -fmessage-length=0 -MT"src/xilffs/cc932.o" -I../../daq24b512kca_bsp/microblaze_0/include -mlittle-endian -mxl-barrel-shift -mxl-pattern-compare -mno-xl-soft-div -mcpu=v10.0 -mno-xl-soft-mul -mxl-multiply-high -mhard-float -Wl,--no-relax -ffunction-sections -fdata-sections -MMD -MP -MF"src/xilffs/cc932.d" -MT"src/xilffs/cc932.o" -o "src/xilffs/cc932.o" "../src/xilffs/cc932.c"
Finished building: ../src/xilffs/cc932.c
 
Building file: ../src/xilffs/diskio.c
Invoking: MicroBlaze g++ compiler
mb-g++ -Wall -O0 -g3 -c -fmessage-length=0 -MT"src/xilffs/diskio.o" -I../../daq24b512kca_bsp/microblaze_0/include -mlittle-endian -mxl-barrel-shift -mxl-pattern-compare -mno-xl-soft-div -mcpu=v10.0 -mno-xl-soft-mul -mxl-multiply-high -mhard-float -Wl,--no-relax -ffunction-sections -fdata-sections -MMD -MP -MF"src/xilffs/diskio.d" -MT"src/xilffs/diskio.o" -o "src/xilffs/diskio.o" "../src/xilffs/diskio.c"
../src/xilffs/diskio.c: In function 'DRESULT disk_write(BYTE, const BYTE*, DWORD, UINT)':
../src/xilffs/diskio.c:440:6: warning: unused variable 'Status' [-Wunused-variable]
  s32 Status;
      ^~~~~~
../src/xilffs/diskio.c: At global scope:
../src/xilffs/diskio.c:150:11: warning: 'ExtCsd' defined but not used [-Wunused-variable]
 static u8 ExtCsd[512] __attribute__ ((aligned(32)));
           ^~~~~~
Finished building: ../src/xilffs/diskio.c
 
Building file: ../src/xilffs/ff.c
Invoking: MicroBlaze g++ compiler
mb-g++ -Wall -O0 -g3 -c -fmessage-length=0 -MT"src/xilffs/ff.o" -I../../daq24b512kca_bsp/microblaze_0/include -mlittle-endian -mxl-barrel-shift -mxl-pattern-compare -mno-xl-soft-div -mcpu=v10.0 -mno-xl-soft-mul -mxl-multiply-high -mhard-float -Wl,--no-relax -ffunction-sections -fdata-sections -MMD -MP -MF"src/xilffs/ff.d" -MT"src/xilffs/ff.o" -o "src/xilffs/ff.o" "../src/xilffs/ff.c"
Finished building: ../src/xilffs/ff.c
 
Building file: ../src/sdc_ctrl/mmc.c
Invoking: MicroBlaze g++ compiler
mb-g++ -Wall -O0 -g3 -c -fmessage-length=0 -MT"src/sdc_ctrl/mmc.o" -I../../daq24b512kca_bsp/microblaze_0/include -mlittle-endian -mxl-barrel-shift -mxl-pattern-compare -mno-xl-soft-div -mcpu=v10.0 -mno-xl-soft-mul -mxl-multiply-high -mhard-float -Wl,--no-relax -ffunction-sections -fdata-sections -MMD -MP -MF"src/sdc_ctrl/mmc.d" -MT"src/sdc_ctrl/mmc.o" -o "src/sdc_ctrl/mmc.o" "../src/sdc_ctrl/mmc.c"
../src/sdc_ctrl/mmc.c: In function 'int mmc_init(mmc*)':
../src/sdc_ctrl/mmc.c:901:25: warning: format '%x' expects argument of type 'unsigned int', but argument 2 has type 'u32 {aka long unsigned int}' [-Wformat=]
  printf("%x\n", (u32)mmc);
                 ~~~~~~~~^
Finished building: ../src/sdc_ctrl/mmc.c
 
Building file: ../src/sdc_ctrl/ocsdc.c
Invoking: MicroBlaze g++ compiler
mb-g++ -Wall -O0 -g3 -c -fmessage-length=0 -MT"src/sdc_ctrl/ocsdc.o" -I../../daq24b512kca_bsp/microblaze_0/include -mlittle-endian -mxl-barrel-shift -mxl-pattern-compare -mno-xl-soft-div -mcpu=v10.0 -mno-xl-soft-mul -mxl-multiply-high -mhard-float -Wl,--no-relax -ffunction-sections -fdata-sections -MMD -MP -MF"src/sdc_ctrl/ocsdc.d" -MT"src/sdc_ctrl/ocsdc.o" -o "src/sdc_ctrl/ocsdc.o" "../src/sdc_ctrl/ocsdc.c"
Finished building: ../src/sdc_ctrl/ocsdc.c
 
Building file: ../src/MiniDmaFifo2Mem/MiniDmaFifo2Mem.cc
Invoking: MicroBlaze g++ compiler
mb-g++ -Wall -O0 -g3 -c -fmessage-length=0 -MT"src/MiniDmaFifo2Mem/MiniDmaFifo2Mem.o" -I../../daq24b512kca_bsp/microblaze_0/include -mlittle-endian -mxl-barrel-shift -mxl-pattern-compare -mno-xl-soft-div -mcpu=v10.0 -mno-xl-soft-mul -mxl-multiply-high -mhard-float -Wl,--no-relax -ffunction-sections -fdata-sections -MMD -MP -MF"src/MiniDmaFifo2Mem/MiniDmaFifo2Mem.d" -MT"src/MiniDmaFifo2Mem/MiniDmaFifo2Mem.o" -o "src/MiniDmaFifo2Mem/MiniDmaFifo2Mem.o" "../src/MiniDmaFifo2Mem/MiniDmaFifo2Mem.cc"
Finished building: ../src/MiniDmaFifo2Mem/MiniDmaFifo2Mem.cc
 
Building file: ../src/IicMaster/IicMaster.cc
Invoking: MicroBlaze g++ compiler
mb-g++ -Wall -O0 -g3 -c -fmessage-length=0 -MT"src/IicMaster/IicMaster.o" -I../../daq24b512kca_bsp/microblaze_0/include -mlittle-endian -mxl-barrel-shift -mxl-pattern-compare -mno-xl-soft-div -mcpu=v10.0 -mno-xl-soft-mul -mxl-multiply-high -mhard-float -Wl,--no-relax -ffunction-sections -fdata-sections -MMD -MP -MF"src/IicMaster/IicMaster.d" -MT"src/IicMaster/IicMaster.o" -o "src/IicMaster/IicMaster.o" "../src/IicMaster/IicMaster.cc"
Finished building: ../src/IicMaster/IicMaster.cc
 
Building file: ../src/main.cc
Invoking: MicroBlaze g++ compiler
mb-g++ -Wall -O0 -g3 -c -fmessage-length=0 -MT"src/main.o" -I../../daq24b512kca_bsp/microblaze_0/include -mlittle-endian -mxl-barrel-shift -mxl-pattern-compare -mno-xl-soft-div -mcpu=v10.0 -mno-xl-soft-mul -mxl-multiply-high -mhard-float -Wl,--no-relax -ffunction-sections -fdata-sections -MMD -MP -MF"src/main.d" -MT"src/main.o" -o "src/main.o" "../src/main.cc"
../src/main.cc: In function 'void initSDFAT()':
../src/main.cc:147:6: warning: unused variable 'l' [-Wunused-variable]
  int l = f_puts("hello xilffs!\r\n", &fil);
      ^
../src/main.cc: In function 'void tskMaster(void*)':
../src/main.cc:199:7: warning: variable 'chunkSize' set but not used [-Wunused-but-set-variable]
   u32 chunkSize;
       ^~~~~~~~~
Finished building: ../src/main.cc
 
Building target: daq24b512kca.elf
Invoking: MicroBlaze g++ linker
mb-g++ -Wl,-T -Wl,../src/lscript.ld -L../../daq24b512kca_bsp/microblaze_0/lib -mlittle-endian -mxl-barrel-shift -mxl-pattern-compare -mno-xl-soft-div -mcpu=v10.0 -mno-xl-soft-mul -mxl-multiply-high -mhard-float -Wl,--no-relax -Wl,--gc-sections -o "daq24b512kca.elf"  ./src/xilffs/cc932.o ./src/xilffs/diskio.o ./src/xilffs/ff.o  ./src/sdc_ctrl/mmc.o ./src/sdc_ctrl/ocsdc.o  ./src/MiniDmaFifo2Mem/MiniDmaFifo2Mem.o  ./src/IicMaster/IicMaster.o  ./src/main.o   -Wl,--start-group,-lxil,-lfreertos,-lgcc,-lc,-lstdc++,--end-group
Finished building target: daq24b512kca.elf
 
Invoking: MicroBlaze Print Size
mb-size daq24b512kca.elf  |tee "daq24b512kca.elf.size"
   text	   data	    bss	    dec	    hex	filename
 205064	  51988	1131752	1388804	 153104	daq24b512kca.elf
Finished building: daq24b512kca.elf.size
 
18:54:57 **** Auto Build of configuration Debug for project daq24b512kca ****
make all 
Building file: ../src/main.cc
Invoking: MicroBlaze g++ compiler
mb-g++ -Wall -O0 -g3 -c -fmessage-length=0 -MT"src/main.o" -I../../daq24b512kca_bsp/microblaze_0/include -mlittle-endian -mxl-barrel-shift -mxl-pattern-compare -mno-xl-soft-div -mcpu=v10.0 -mno-xl-soft-mul -mxl-multiply-high -mhard-float -Wl,--no-relax -ffunction-sections -fdata-sections -MMD -MP -MF"src/main.d" -MT"src/main.o" -o "src/main.o" "../src/main.cc"
../src/main.cc: In function 'void initSDFAT()':
../src/main.cc:147:6: warning: unused variable 'l' [-Wunused-variable]
  int l = f_puts("hello xilffs!\r\n", &fil);
      ^
../src/main.cc: In function 'void tskMaster(void*)':
../src/main.cc:199:7: warning: variable 'chunkSize' set but not used [-Wunused-but-set-variable]
   u32 chunkSize;
       ^~~~~~~~~
Finished building: ../src/main.cc
 
Building target: daq24b512kca.elf
Invoking: MicroBlaze g++ linker
mb-g++ -Wl,-T -Wl,../src/lscript.ld -L../../daq24b512kca_bsp/microblaze_0/lib -mlittle-endian -mxl-barrel-shift -mxl-pattern-compare -mno-xl-soft-div -mcpu=v10.0 -mno-xl-soft-mul -mxl-multiply-high -mhard-float -Wl,--no-relax -Wl,--gc-sections -o "daq24b512kca.elf"  ./src/xilffs/cc932.o ./src/xilffs/diskio.o ./src/xilffs/ff.o  ./src/sdc_ctrl/mmc.o ./src/sdc_ctrl/ocsdc.o  ./src/MiniDmaFifo2Mem/MiniDmaFifo2Mem.o  ./src/IicMaster/IicMaster.o  ./src/main.o   -Wl,--start-group,-lxil,-lfreertos,-lgcc,-lc,-lstdc++,--end-group
Finished building target: daq24b512kca.elf
 
Invoking: MicroBlaze Print Size
mb-size daq24b512kca.elf  |tee "daq24b512kca.elf.size"
   text	   data	    bss	    dec	    hex	filename
 205064	  51988	1131752	1388804	 153104	daq24b512kca.elf
Finished building: daq24b512kca.elf.size
 
18:55:49 **** Auto Build of configuration Debug for project daq24b512kca ****
make all 
Building file: ../src/main.cc
Invoking: MicroBlaze g++ compiler
mb-g++ -Wall -O0 -g3 -c -fmessage-length=0 -MT"src/main.o" -I../../daq24b512kca_bsp/microblaze_0/include -mlittle-endian -mxl-barrel-shift -mxl-pattern-compare -mno-xl-soft-div -mcpu=v10.0 -mno-xl-soft-mul -mxl-multiply-high -mhard-float -Wl,--no-relax -ffunction-sections -fdata-sections -MMD -MP -MF"src/main.d" -MT"src/main.o" -o "src/main.o" "../src/main.cc"
../src/main.cc: In function 'void initSDFAT()':
../src/main.cc:147:6: warning: unused variable 'l' [-Wunused-variable]
  int l = f_puts("hello xilffs!\r\n", &fil);
      ^
../src/main.cc: In function 'void tskMaster(void*)':
../src/main.cc:199:7: warning: variable 'chunkSize' set but not used [-Wunused-but-set-variable]
   u32 chunkSize;
       ^~~~~~~~~
Finished building: ../src/main.cc
 
Building target: daq24b512kca.elf
Invoking: MicroBlaze g++ linker
mb-g++ -Wl,-T -Wl,../src/lscript.ld -L../../daq24b512kca_bsp/microblaze_0/lib -mlittle-endian -mxl-barrel-shift -mxl-pattern-compare -mno-xl-soft-div -mcpu=v10.0 -mno-xl-soft-mul -mxl-multiply-high -mhard-float -Wl,--no-relax -Wl,--gc-sections -o "daq24b512kca.elf"  ./src/xilffs/cc932.o ./src/xilffs/diskio.o ./src/xilffs/ff.o  ./src/sdc_ctrl/mmc.o ./src/sdc_ctrl/ocsdc.o  ./src/MiniDmaFifo2Mem/MiniDmaFifo2Mem.o  ./src/IicMaster/IicMaster.o  ./src/main.o   -Wl,--start-group,-lxil,-lfreertos,-lgcc,-lc,-lstdc++,--end-group
Finished building target: daq24b512kca.elf
 
Invoking: MicroBlaze Print Size
mb-size daq24b512kca.elf  |tee "daq24b512kca.elf.size"
   text	   data	    bss	    dec	    hex	filename
 205064	   2836	1180936	1388836	 153124	daq24b512kca.elf
Finished building: daq24b512kca.elf.size
 
18:55:56 **** Auto Build of configuration Debug for project daq24b512kca ****
make all 
Building file: ../src/main.cc
Invoking: MicroBlaze g++ compiler
mb-g++ -Wall -O0 -g3 -c -fmessage-length=0 -MT"src/main.o" -I../../daq24b512kca_bsp/microblaze_0/include -mlittle-endian -mxl-barrel-shift -mxl-pattern-compare -mno-xl-soft-div -mcpu=v10.0 -mno-xl-soft-mul -mxl-multiply-high -mhard-float -Wl,--no-relax -ffunction-sections -fdata-sections -MMD -MP -MF"src/main.d" -MT"src/main.o" -o "src/main.o" "../src/main.cc"
../src/main.cc: In function 'void initSDFAT()':
../src/main.cc:147:6: warning: unused variable 'l' [-Wunused-variable]
  int l = f_puts("hello xilffs!\r\n", &fil);
      ^
../src/main.cc: In function 'void tskMaster(void*)':
../src/main.cc:199:7: warning: variable 'chunkSize' set but not used [-Wunused-but-set-variable]
   u32 chunkSize;
       ^~~~~~~~~
Finished building: ../src/main.cc
 
Building target: daq24b512kca.elf
Invoking: MicroBlaze g++ linker
mb-g++ -Wl,-T -Wl,../src/lscript.ld -L../../daq24b512kca_bsp/microblaze_0/lib -mlittle-endian -mxl-barrel-shift -mxl-pattern-compare -mno-xl-soft-div -mcpu=v10.0 -mno-xl-soft-mul -mxl-multiply-high -mhard-float -Wl,--no-relax -Wl,--gc-sections -o "daq24b512kca.elf"  ./src/xilffs/cc932.o ./src/xilffs/diskio.o ./src/xilffs/ff.o  ./src/sdc_ctrl/mmc.o ./src/sdc_ctrl/ocsdc.o  ./src/MiniDmaFifo2Mem/MiniDmaFifo2Mem.o  ./src/IicMaster/IicMaster.o  ./src/main.o   -Wl,--start-group,-lxil,-lfreertos,-lgcc,-lc,-lstdc++,--end-group
Finished building target: daq24b512kca.elf
 
Invoking: MicroBlaze Print Size
mb-size daq24b512kca.elf  |tee "daq24b512kca.elf.size"
   text	   data	    bss	    dec	    hex	filename
 205064	   2836	1180936	1388836	 153124	daq24b512kca.elf
Finished building: daq24b512kca.elf.size
 
