13:06:21 **** Build of configuration Debug for project basic ****
make all 
make --no-print-directory pre-build
a9-linaro-pre-build-step
 
make --no-print-directory main-build
Building file: ../src/oled12864/lq12864.cc
Invoking: ARM v7 g++ compiler
arm-none-eabi-g++ -Wall -O2 -g3 -c -fmessage-length=0 -MT"src/oled12864/lq12864.o" -mcpu=cortex-a9 -mfpu=vfpv3 -mfloat-abi=hard -I/home/dn/ULNDAQ_sw/basic_wrapper/export/basic_wrapper/sw/basic_wrapper/freertos10_xilinx_ps7_cortexa9_0/bspinclude/include -MMD -MP -MF"src/oled12864/lq12864.d" -MT"src/oled12864/lq12864.o" -o "src/oled12864/lq12864.o" "../src/oled12864/lq12864.cc"
../src/oled12864/lq12864.cc: In member function 'void LQ12864::writePage(u8, volatile u8*)':
../src/oled12864/lq12864.cc:72:22: warning: narrowing conversion of '(int)(176 | ((unsigned char)((int)(((unsigned char)((int)page)) & 7))))' from 'int' to 'u8' {aka 'unsigned char'} [-Wnarrowing]
   72 |  u8 cmds[3] = {(0xb0 | (page & 0x7)), 0x01, 0x10};
      |                ~~~~~~^~~~~~~~~~~~~~~
Finished building: ../src/oled12864/lq12864.cc
 
Building file: ../src/TskSD/TskSD.cc
Invoking: ARM v7 g++ compiler
arm-none-eabi-g++ -Wall -O2 -g3 -c -fmessage-length=0 -MT"src/TskSD/TskSD.o" -mcpu=cortex-a9 -mfpu=vfpv3 -mfloat-abi=hard -I/home/dn/ULNDAQ_sw/basic_wrapper/export/basic_wrapper/sw/basic_wrapper/freertos10_xilinx_ps7_cortexa9_0/bspinclude/include -MMD -MP -MF"src/TskSD/TskSD.d" -MT"src/TskSD/TskSD.o" -o "src/TskSD/TskSD.o" "../src/TskSD/TskSD.cc"
../src/TskSD/TskSD.cc: In function 'void tskSD(void*)':
../src/TskSD/TskSD.cc:62:10: warning: unused variable 'ret' [-Wunused-variable]
   62 |  int sts,ret;
      |          ^~~
Finished building: ../src/TskSD/TskSD.cc
 
Building file: ../src/TskHif/MenuDefines.cc
Invoking: ARM v7 g++ compiler
arm-none-eabi-g++ -Wall -O2 -g3 -c -fmessage-length=0 -MT"src/TskHif/MenuDefines.o" -mcpu=cortex-a9 -mfpu=vfpv3 -mfloat-abi=hard -I/home/dn/ULNDAQ_sw/basic_wrapper/export/basic_wrapper/sw/basic_wrapper/freertos10_xilinx_ps7_cortexa9_0/bspinclude/include -MMD -MP -MF"src/TskHif/MenuDefines.d" -MT"src/TskHif/MenuDefines.o" -o "src/TskHif/MenuDefines.o" "../src/TskHif/MenuDefines.cc"
In file included from ../src/TskHif/MenuDefines.cc:15:
../src/TskHif/../EzMenu.h: In instantiation of 'EzMenuItem<CT, SL>::EzMenuItem(const char*) [with CT = unsigned char; unsigned int SL = 20]':
../src/TskHif/MenuDefines.cc:30:56:   required from here
../src/TskHif/../EzMenu.h:60:17: warning: unsigned conversion from 'int' to 'unsigned char' changes value from '16777215' to '255' [-Woverflow]
   60 |     CT BColor = 0xffffff;
      |                 ^~~~~~~~
../src/TskHif/../EzMenu.h:61:20: warning: unsigned conversion from 'int' to 'unsigned char' changes value from '4210752' to '64' [-Woverflow]
   61 |     CT DisFColor = 0x404040;
      |                    ^~~~~~~~
../src/TskHif/../EzMenu.h:62:20: warning: unsigned conversion from 'int' to 'unsigned char' changes value from '12632256' to '192' [-Woverflow]
   62 |     CT DisBColor = 0xc0c0c0;
      |                    ^~~~~~~~
../src/TskHif/../EzMenu.h:63:20: warning: unsigned conversion from 'int' to 'unsigned char' changes value from '16777215' to '255' [-Woverflow]
   63 |     CT FocFColor = 0xffffff;
      |                    ^~~~~~~~
../src/TskHif/../EzMenu.h:69:20: warning: ISO C++ forbids converting a string constant to 'char*' [-Wwrite-strings]
   69 |     char *Prefix = "\0";
      |                    ^~~~
../src/TskHif/../EzMenu.h:70:21: warning: ISO C++ forbids converting a string constant to 'char*' [-Wwrite-strings]
   70 |     char *Postfix = "\0";
      |                     ^~~~
../src/TskHif/../EzMenu.h: In instantiation of 'EzMenu<CT, SL>::EzMenu(char*, EzMenuItem<CT, SL>**, int) [with CT = unsigned char; unsigned int SL = 20]':
../src/TskHif/MenuDefines.cc:47:75:   required from here
../src/TskHif/../EzMenu.h:444:25: warning: unsigned conversion from 'int' to 'unsigned char' changes value from '16777215' to '255' [-Woverflow]
  444 |     CT FocusFillColor = 0xffffff;
      |                         ^~~~~~~~
../src/TskHif/../EzMenu.h:446:25: warning: unsigned conversion from 'int' to 'unsigned char' changes value from '12632256' to '192' [-Woverflow]
  446 |     CT UnfocFillColor = 0xc0c0c0;
      |                         ^~~~~~~~
../src/TskHif/../EzMenu.h:447:25: warning: unsigned conversion from 'int' to 'unsigned char' changes value from '4210752' to '64' [-Woverflow]
  447 |     CT UnfocLineColor = 0x404040;
      |                         ^~~~~~~~
Finished building: ../src/TskHif/MenuDefines.cc
 
Building file: ../src/TskHif/PCF8563.cc
Invoking: ARM v7 g++ compiler
arm-none-eabi-g++ -Wall -O2 -g3 -c -fmessage-length=0 -MT"src/TskHif/PCF8563.o" -mcpu=cortex-a9 -mfpu=vfpv3 -mfloat-abi=hard -I/home/dn/ULNDAQ_sw/basic_wrapper/export/basic_wrapper/sw/basic_wrapper/freertos10_xilinx_ps7_cortexa9_0/bspinclude/include -MMD -MP -MF"src/TskHif/PCF8563.d" -MT"src/TskHif/PCF8563.o" -o "src/TskHif/PCF8563.o" "../src/TskHif/PCF8563.cc"
Finished building: ../src/TskHif/PCF8563.cc
 
Building file: ../src/TskHif/TskHif.cc
Invoking: ARM v7 g++ compiler
arm-none-eabi-g++ -Wall -O2 -g3 -c -fmessage-length=0 -MT"src/TskHif/TskHif.o" -mcpu=cortex-a9 -mfpu=vfpv3 -mfloat-abi=hard -I/home/dn/ULNDAQ_sw/basic_wrapper/export/basic_wrapper/sw/basic_wrapper/freertos10_xilinx_ps7_cortexa9_0/bspinclude/include -MMD -MP -MF"src/TskHif/TskHif.d" -MT"src/TskHif/TskHif.o" -o "src/TskHif/TskHif.o" "../src/TskHif/TskHif.cc"
../src/TskHif/TskHif.cc: In function 'void keyAction(void*, bool, bool, unsigned int)':
../src/TskHif/TskHif.cc:94:38: warning: format '%u' expects argument of type 'unsigned int', but argument 3 has type 'long unsigned int' [-Wformat=]
   94 |                     sprintf(str, "%02u", DateTime.YearFrom2000);
      |                                   ~~~^   ~~~~~~~~~~~~~~~~~~~~~
      |                                      |            |
      |                                      unsigned int long unsigned int
      |                                   %02lu
../src/TskHif/TskHif.cc:96:38: warning: format '%u' expects argument of type 'unsigned int', but argument 3 has type 'long unsigned int' [-Wformat=]
   96 |                     sprintf(str, "%02u", DateTime.Month);
      |                                   ~~~^   ~~~~~~~~~~~~~~
      |                                      |            |
      |                                      unsigned int long unsigned int
      |                                   %02lu
../src/TskHif/TskHif.cc:98:38: warning: format '%u' expects argument of type 'unsigned int', but argument 3 has type 'long unsigned int' [-Wformat=]
   98 |                     sprintf(str, "%02u", DateTime.Day);
      |                                   ~~~^   ~~~~~~~~~~~~
      |                                      |            |
      |                                      unsigned int long unsigned int
      |                                   %02lu
../src/TskHif/TskHif.cc:100:38: warning: format '%u' expects argument of type 'unsigned int', but argument 3 has type 'long unsigned int' [-Wformat=]
  100 |                     sprintf(str, "%02u", DateTime.Hour);
      |                                   ~~~^   ~~~~~~~~~~~~~
      |                                      |            |
      |                                      unsigned int long unsigned int
      |                                   %02lu
../src/TskHif/TskHif.cc:102:38: warning: format '%u' expects argument of type 'unsigned int', but argument 3 has type 'long unsigned int' [-Wformat=]
  102 |                     sprintf(str, "%02u", DateTime.Minute);
      |                                   ~~~^   ~~~~~~~~~~~~~~~
      |                                      |            |
      |                                      unsigned int long unsigned int
      |                                   %02lu
../src/TskHif/TskHif.cc:104:38: warning: format '%u' expects argument of type 'unsigned int', but argument 3 has type 'long unsigned int' [-Wformat=]
  104 |                     sprintf(str, "%02u", DateTime.Second);
      |                                   ~~~^   ~~~~~~~~~~~~~~~
      |                                      |            |
      |                                      unsigned int long unsigned int
      |                                   %02lu
../src/TskHif/TskHif.cc: In function 'void tskHif(void*)':
../src/TskHif/TskHif.cc:178:38: warning: format '%u' expects argument of type 'unsigned int', but argument 4 has type 'long unsigned int' [-Wformat=]
  178 |                 sprintf(str, "%4u-%02u-%02u %02u:%02u:%02u", DateTime.YearFrom2000 + 2000, DateTime.Month,
      |                                   ~~~^                                                     ~~~~~~~~~~~~~~
      |                                      |                                                              |
      |                                      unsigned int                                                   long unsigned int
      |                                   %02lu
../src/TskHif/TskHif.cc:178:43: warning: format '%u' expects argument of type 'unsigned int', but argument 5 has type 'long unsigned int' [-Wformat=]
  178 |                 sprintf(str, "%4u-%02u-%02u %02u:%02u:%02u", DateTime.YearFrom2000 + 2000, DateTime.Month,
      |                                        ~~~^
      |                                           |
      |                                           unsigned int
      |                                        %02lu
  179 |                         DateTime.Day, DateTime.Hour, DateTime.Minute, DateTime.Second);
      |                         ~~~~~~~~~~~~       
      |                                  |
      |                                  long unsigned int
../src/TskHif/TskHif.cc:178:48: warning: format '%u' expects argument of type 'unsigned int', but argument 6 has type 'long unsigned int' [-Wformat=]
  178 |                 sprintf(str, "%4u-%02u-%02u %02u:%02u:%02u", DateTime.YearFrom2000 + 2000, DateTime.Month,
      |                                             ~~~^
      |                                                |
      |                                                unsigned int
      |                                             %02lu
  179 |                         DateTime.Day, DateTime.Hour, DateTime.Minute, DateTime.Second);
      |                                       ~~~~~~~~~~~~~
      |                                                |
      |                                                long unsigned int
../src/TskHif/TskHif.cc:178:53: warning: format '%u' expects argument of type 'unsigned int', but argument 7 has type 'long unsigned int' [-Wformat=]
  178 |                 sprintf(str, "%4u-%02u-%02u %02u:%02u:%02u", DateTime.YearFrom2000 + 2000, DateTime.Month,
      |                                                  ~~~^
      |                                                     |
      |                                                     unsigned int
      |                                                  %02lu
  179 |                         DateTime.Day, DateTime.Hour, DateTime.Minute, DateTime.Second);
      |                                                      ~~~~~~~~~~~~~~~
      |                                                               |
      |                                                               long unsigned int
../src/TskHif/TskHif.cc:178:58: warning: format '%u' expects argument of type 'unsigned int', but argument 8 has type 'long unsigned int' [-Wformat=]
  178 |                 sprintf(str, "%4u-%02u-%02u %02u:%02u:%02u", DateTime.YearFrom2000 + 2000, DateTime.Month,
      |                                                       ~~~^
      |                                                          |
      |                                                          unsigned int
      |                                                       %02lu
  179 |                         DateTime.Day, DateTime.Hour, DateTime.Minute, DateTime.Second);
      |                                                                       ~~~~~~~~~~~~~~~
      |                                                                                |
      |                                                                                long unsigned int
Finished building: ../src/TskHif/TskHif.cc
 
Building file: ../src/TskData/TskData.cc
Invoking: ARM v7 g++ compiler
arm-none-eabi-g++ -Wall -O2 -g3 -c -fmessage-length=0 -MT"src/TskData/TskData.o" -mcpu=cortex-a9 -mfpu=vfpv3 -mfloat-abi=hard -I/home/dn/ULNDAQ_sw/basic_wrapper/export/basic_wrapper/sw/basic_wrapper/freertos10_xilinx_ps7_cortexa9_0/bspinclude/include -MMD -MP -MF"src/TskData/TskData.d" -MT"src/TskData/TskData.o" -o "src/TskData/TskData.o" "../src/TskData/TskData.cc"
../src/TskData/TskData.cc: In function 'void tskData(void*)':
../src/TskData/TskData.cc:131:9: warning: unused variable 'data' [-Wunused-variable]
  131 |     int data;
      |         ^~~~
In file included from ../src/TskData/TskData.h:2,
                 from ../src/TskData/TskData.cc:1:
../src/TskData/TskData.cc: In function 'void dma_ISR4(void*)':
../src/TskData/TskData.cc:93:35: warning: array subscript 4 is above array bounds of 'QueueDefinition* [4]' [-Warray-bounds]
   93 |     xSemaphoreGiveFromISR(semDma[4],&wake);
/home/dn/ULNDAQ_sw/basic_wrapper/export/basic_wrapper/sw/basic_wrapper/freertos10_xilinx_ps7_cortexa9_0/bspinclude/include/semphr.h:624:111: note: in definition of macro 'xSemaphoreGiveFromISR'
  624 | #define xSemaphoreGiveFromISR( xSemaphore, pxHigherPriorityTaskWoken ) xQueueGiveFromISR( ( QueueHandle_t ) ( xSemaphore ), ( pxHigherPriorityTaskWoken ) )
      |                                                                                                               ^~~~~~~~~~
../src/TskData/TskData.cc:18:19: note: while referencing 'semDma'
   18 | SemaphoreHandle_t semDma[CHANNEL_NUM];
      |                   ^~~~~~
In file included from ../src/TskData/TskData.h:2,
                 from ../src/TskData/TskData.cc:1:
../src/TskData/TskData.cc: In function 'void dma_ISR5(void*)':
../src/TskData/TskData.cc:103:35: warning: array subscript 5 is above array bounds of 'QueueDefinition* [4]' [-Warray-bounds]
  103 |     xSemaphoreGiveFromISR(semDma[5],&wake);
/home/dn/ULNDAQ_sw/basic_wrapper/export/basic_wrapper/sw/basic_wrapper/freertos10_xilinx_ps7_cortexa9_0/bspinclude/include/semphr.h:624:111: note: in definition of macro 'xSemaphoreGiveFromISR'
  624 | #define xSemaphoreGiveFromISR( xSemaphore, pxHigherPriorityTaskWoken ) xQueueGiveFromISR( ( QueueHandle_t ) ( xSemaphore ), ( pxHigherPriorityTaskWoken ) )
      |                                                                                                               ^~~~~~~~~~
../src/TskData/TskData.cc:18:19: note: while referencing 'semDma'
   18 | SemaphoreHandle_t semDma[CHANNEL_NUM];
      |                   ^~~~~~
In file included from ../src/TskData/TskData.h:2,
                 from ../src/TskData/TskData.cc:1:
../src/TskData/TskData.cc: In function 'void dma_ISR6(void*)':
../src/TskData/TskData.cc:113:35: warning: array subscript 6 is above array bounds of 'QueueDefinition* [4]' [-Warray-bounds]
  113 |     xSemaphoreGiveFromISR(semDma[6],&wake);
/home/dn/ULNDAQ_sw/basic_wrapper/export/basic_wrapper/sw/basic_wrapper/freertos10_xilinx_ps7_cortexa9_0/bspinclude/include/semphr.h:624:111: note: in definition of macro 'xSemaphoreGiveFromISR'
  624 | #define xSemaphoreGiveFromISR( xSemaphore, pxHigherPriorityTaskWoken ) xQueueGiveFromISR( ( QueueHandle_t ) ( xSemaphore ), ( pxHigherPriorityTaskWoken ) )
      |                                                                                                               ^~~~~~~~~~
../src/TskData/TskData.cc:18:19: note: while referencing 'semDma'
   18 | SemaphoreHandle_t semDma[CHANNEL_NUM];
      |                   ^~~~~~
In file included from ../src/TskData/TskData.h:2,
                 from ../src/TskData/TskData.cc:1:
../src/TskData/TskData.cc: In function 'void dma_ISR7(void*)':
../src/TskData/TskData.cc:123:35: warning: array subscript 7 is above array bounds of 'QueueDefinition* [4]' [-Warray-bounds]
  123 |     xSemaphoreGiveFromISR(semDma[7],&wake);
/home/dn/ULNDAQ_sw/basic_wrapper/export/basic_wrapper/sw/basic_wrapper/freertos10_xilinx_ps7_cortexa9_0/bspinclude/include/semphr.h:624:111: note: in definition of macro 'xSemaphoreGiveFromISR'
  624 | #define xSemaphoreGiveFromISR( xSemaphore, pxHigherPriorityTaskWoken ) xQueueGiveFromISR( ( QueueHandle_t ) ( xSemaphore ), ( pxHigherPriorityTaskWoken ) )
      |                                                                                                               ^~~~~~~~~~
../src/TskData/TskData.cc:18:19: note: while referencing 'semDma'
   18 | SemaphoreHandle_t semDma[CHANNEL_NUM];
      |                   ^~~~~~
Finished building: ../src/TskData/TskData.cc
 
Building file: ../src/IicMaster/IicMaster.cc
Invoking: ARM v7 g++ compiler
arm-none-eabi-g++ -Wall -O2 -g3 -c -fmessage-length=0 -MT"src/IicMaster/IicMaster.o" -mcpu=cortex-a9 -mfpu=vfpv3 -mfloat-abi=hard -I/home/dn/ULNDAQ_sw/basic_wrapper/export/basic_wrapper/sw/basic_wrapper/freertos10_xilinx_ps7_cortexa9_0/bspinclude/include -MMD -MP -MF"src/IicMaster/IicMaster.d" -MT"src/IicMaster/IicMaster.o" -o "src/IicMaster/IicMaster.o" "../src/IicMaster/IicMaster.cc"
Finished building: ../src/IicMaster/IicMaster.cc
 
Building file: ../src/common.cc
Invoking: ARM v7 g++ compiler
arm-none-eabi-g++ -Wall -O2 -g3 -c -fmessage-length=0 -MT"src/common.o" -mcpu=cortex-a9 -mfpu=vfpv3 -mfloat-abi=hard -I/home/dn/ULNDAQ_sw/basic_wrapper/export/basic_wrapper/sw/basic_wrapper/freertos10_xilinx_ps7_cortexa9_0/bspinclude/include -MMD -MP -MF"src/common.d" -MT"src/common.o" -o "src/common.o" "../src/common.cc"
Finished building: ../src/common.cc
 
Building file: ../src/main.cc
Invoking: ARM v7 g++ compiler
arm-none-eabi-g++ -Wall -O2 -g3 -c -fmessage-length=0 -MT"src/main.o" -mcpu=cortex-a9 -mfpu=vfpv3 -mfloat-abi=hard -I/home/dn/ULNDAQ_sw/basic_wrapper/export/basic_wrapper/sw/basic_wrapper/freertos10_xilinx_ps7_cortexa9_0/bspinclude/include -MMD -MP -MF"src/main.d" -MT"src/main.o" -o "src/main.o" "../src/main.cc"
Finished building: ../src/main.cc
 
Building target: basic.elf
Invoking: ARM v7 g++ linker
arm-none-eabi-g++ -mcpu=cortex-a9 -mfpu=vfpv3 -mfloat-abi=hard -Wl,-build-id=none -specs=Xilinx.spec -Wl,-T -Wl,../src/lscript.ld -L/home/dn/ULNDAQ_sw/basic_wrapper/export/basic_wrapper/sw/basic_wrapper/freertos10_xilinx_ps7_cortexa9_0/bsplib/lib -o "basic.elf"  ./src/oled12864/lq12864.o ./src/oled12864/oled_fonts.o  ./src/TskSD/TskSD.o  ./src/TskHif/MenuDefines.o ./src/TskHif/PCF8563.o ./src/TskHif/TskHif.o  ./src/TskData/TskData.o  ./src/IicMaster/IicMaster.o  ./src/common.o ./src/main.o   -Wl,--start-group,-lxil,-lfreertos,-lgcc,-lc,-lstdc++,--end-group -Wl,--start-group,-lxilffs,-lxil,-lgcc,-lc,--end-group
Finished building target: basic.elf
 
Invoking: ARM v7 Print Size
arm-none-eabi-size basic.elf  |tee "basic.elf.size"
   text	   data	    bss	    dec	    hex	filename
 706123	   5900	272951408	273663431	104fc5c7	basic.elf
Finished building: basic.elf.size
 

13:06:23 Build Finished (took 1s.862ms)

