20:13:32 **** Incremental Build of configuration Debug for project xiicps_intr_master_example_1 ****
make all 
make --no-print-directory pre-build
a9-linaro-pre-build-step
 
make --no-print-directory main-build
Building file: ../src/xiicps_intr_master_example.c
Invoking: ARM v7 gcc compiler
arm-none-eabi-gcc -Wall -O0 -g3 -c -fmessage-length=0 -MT"src/xiicps_intr_master_example.o" -mcpu=cortex-a9 -mfpu=vfpv3 -mfloat-abi=hard -I/home/dn/APDAQ_subsys_sw/APDAQ_subsys_wrapper/export/APDAQ_subsys_wrapper/sw/APDAQ_subsys_wrapper/freertos10_xilinx_ps7_cortexa9_0/bspinclude/include -MMD -MP -MF"src/xiicps_intr_master_example.d" -MT"src/xiicps_intr_master_example.o" -o "src/xiicps_intr_master_example.o" "../src/xiicps_intr_master_example.c"
Finished building: ../src/xiicps_intr_master_example.c
 
Building target: xiicps_intr_master_example_1.elf
Invoking: ARM v7 gcc linker
arm-none-eabi-gcc -mcpu=cortex-a9 -mfpu=vfpv3 -mfloat-abi=hard -Wl,-build-id=none -specs=Xilinx.spec -Wl,-T -Wl,../src/lscript.ld -L/home/dn/APDAQ_subsys_sw/APDAQ_subsys_wrapper/export/APDAQ_subsys_wrapper/sw/APDAQ_subsys_wrapper/freertos10_xilinx_ps7_cortexa9_0/bsplib/lib -o "xiicps_intr_master_example_1.elf"  ./src/xiicps_intr_master_example.o   -Wl,--start-group,-lxil,-lfreertos,-lgcc,-lc,--end-group -Wl,--start-group,-lxilffs,-lxil,-lgcc,-lc,--end-group
Finished building target: xiicps_intr_master_example_1.elf
 
Invoking: ARM v7 Print Size
arm-none-eabi-size xiicps_intr_master_example_1.elf  |tee "xiicps_intr_master_example_1.elf.size"
   text	   data	    bss	    dec	    hex	filename
  76976	   3348	134241664	134321988	8019744	xiicps_intr_master_example_1.elf
Finished building: xiicps_intr_master_example_1.elf.size
 

20:13:32 Build Finished (took 216ms)

